Component: ARM Compiler 5.05 update 1 (build 106) Tool: armlink [4d0efa]

==============================================================================

Section Cross References

    system_stm32f10x.o(i.SetSysClock) refers to system_stm32f10x.o(i.SetSysClockTo72) for SetSysClockTo72
    system_stm32f10x.o(i.SystemCoreClockUpdate) refers to system_stm32f10x.o(.data) for SystemCoreClock
    system_stm32f10x.o(i.SystemInit) refers to system_stm32f10x.o(i.SetSysClock) for SetSysClock
    startup_stm32f10x_md.o(RESET) refers to startup_stm32f10x_md.o(STACK) for __initial_sp
    startup_stm32f10x_md.o(RESET) refers to startup_stm32f10x_md.o(.text) for Reset_Handler
    startup_stm32f10x_md.o(RESET) refers to stm32f10x_it.o(i.NMI_Handler) for NMI_Handler
    startup_stm32f10x_md.o(RESET) refers to stm32f10x_it.o(i.HardFault_Handler) for HardFault_Handler
    startup_stm32f10x_md.o(RESET) refers to stm32f10x_it.o(i.MemManage_Handler) for MemManage_Handler
    startup_stm32f10x_md.o(RESET) refers to stm32f10x_it.o(i.BusFault_Handler) for BusFault_Handler
    startup_stm32f10x_md.o(RESET) refers to stm32f10x_it.o(i.UsageFault_Handler) for UsageFault_Handler
    startup_stm32f10x_md.o(RESET) refers to stm32f10x_it.o(i.SVC_Handler) for SVC_Handler
    startup_stm32f10x_md.o(RESET) refers to stm32f10x_it.o(i.DebugMon_Handler) for DebugMon_Handler
    startup_stm32f10x_md.o(RESET) refers to stm32f10x_it.o(i.PendSV_Handler) for PendSV_Handler
    startup_stm32f10x_md.o(RESET) refers to stm32f10x_it.o(i.SysTick_Handler) for SysTick_Handler
    startup_stm32f10x_md.o(RESET) refers to scheduler.o(i.TIM2_IRQHandler) for TIM2_IRQHandler
    startup_stm32f10x_md.o(RESET) refers to ano_dt.o(i.USART1_IRQHandler) for USART1_IRQHandler
    startup_stm32f10x_md.o(RESET) refers to ano_dt.o(i.USART3_IRQHandler) for USART3_IRQHandler
    startup_stm32f10x_md.o(.text) refers to system_stm32f10x.o(i.SystemInit) for SystemInit
    startup_stm32f10x_md.o(.text) refers to entry.o(.ARM.Collect$$$$00000000) for __main
    stm32f10x_it.o(i.SysTick_Handler) refers to init.o(.data) for SysTick_count
    main.o(i.main) refers to delay.o(i.cycleCounterInit) for cycleCounterInit
    main.o(i.main) refers to misc.o(i.NVIC_PriorityGroupConfig) for NVIC_PriorityGroupConfig
    main.o(i.main) refers to misc.o(i.SysTick_CLKSourceConfig) for SysTick_CLKSourceConfig
    main.o(i.main) refers to init.o(i.ALL_Init) for ALL_Init
    main.o(i.main) refers to ano_dt.o(i.ANTO_polling) for ANTO_polling
    main.o(i.main) refers to system_stm32f10x.o(.data) for SystemCoreClock
    delay.o(i.GetSysTime_us) refers to init.o(.data) for SysTick_count
    delay.o(i.GetSysTime_us) refers to delay.o(.data) for usTicks
    delay.o(i.cycleCounterInit) refers to stm32f10x_rcc.o(i.RCC_GetClocksFreq) for RCC_GetClocksFreq
    delay.o(i.cycleCounterInit) refers to delay.o(.data) for usTicks
    delay.o(i.delay_ms) refers to delay.o(i.GetSysTime_us) for GetSysTime_us
    scheduler.o(i.TIM2_IRQHandler) refers to stm32f10x_tim.o(i.TIM_GetITStatus) for TIM_GetITStatus
    scheduler.o(i.TIM2_IRQHandler) refers to iic_software.o(i.IIC_Init) for IIC_Init
    scheduler.o(i.TIM2_IRQHandler) refers to remote.o(i.RC_Analy) for RC_Analy
    scheduler.o(i.TIM2_IRQHandler) refers to mpu6050.o(i.MpuGetData) for MpuGetData
    scheduler.o(i.TIM2_IRQHandler) refers to control.o(i.FlightPidControl) for FlightPidControl
    scheduler.o(i.TIM2_IRQHandler) refers to control.o(i.MotorControl) for MotorControl
    scheduler.o(i.TIM2_IRQHandler) refers to imu.o(i.GetAngle) for GetAngle
    scheduler.o(i.TIM2_IRQHandler) refers to power.o(i.BATT_GetVoltage) for BATT_GetVoltage
    scheduler.o(i.TIM2_IRQHandler) refers to led.o(i.Waiting_Unolck_LED) for Waiting_Unolck_LED
    scheduler.o(i.TIM2_IRQHandler) refers to power.o(i.LOW_VOL_Alarm) for LOW_VOL_Alarm
    scheduler.o(i.TIM2_IRQHandler) refers to stm32f10x_tim.o(i.TIM_ClearITPendingBit) for TIM_ClearITPendingBit
    scheduler.o(i.TIM2_IRQHandler) refers to init.o(.data) for SysTick_count
    scheduler.o(i.TIM2_IRQHandler) refers to scheduler.o(.data) for cnt_3ms
    scheduler.o(i.TIM2_IRQHandler) refers to init.o(.bss) for Angle
    init.o(i.ALL_Init) refers to led.o(i.LED_Init) for LED_Init
    init.o(i.ALL_Init) refers to power.o(i.BATT_Init) for BATT_Init
    init.o(i.ALL_Init) refers to iic_software.o(i.IIC_Init) for IIC_Init
    init.o(i.ALL_Init) refers to spl06.o(i.spl06_init) for spl06_init
    init.o(i.ALL_Init) refers to spl06.o(i.Init_Altitude) for Init_Altitude
    init.o(i.ALL_Init) refers to init.o(i.pid_param_Init) for pid_param_Init
    init.o(i.ALL_Init) refers to mpu6050.o(i.MpuInit) for MpuInit
    init.o(i.ALL_Init) refers to usart.o(i.USART_CONFIG) for USART_CONFIG
    init.o(i.ALL_Init) refers to nrf24l01.o(i.NRF24L01_init) for NRF24L01_init
    init.o(i.ALL_Init) refers to tim.o(i.TIM3_PWM_Config) for TIM3_PWM_Config
    init.o(i.ALL_Init) refers to tim.o(i.TIM2_Config) for TIM2_Config
[...]
    Lib\src\stm32f10x_sdio.c                 0x00000000   Number         0  stm32f10x_sdio.o ABSOLUTE
    Lib\src\stm32f10x_spi.c                  0x00000000   Number         0  stm32f10x_spi.o ABSOLUTE
    Lib\src\stm32f10x_tim.c                  0x00000000   Number         0  stm32f10x_tim.o ABSOLUTE
    Lib\src\stm32f10x_usart.c                0x00000000   Number         0  stm32f10x_usart.o ABSOLUTE
    Lib\src\stm32f10x_wwdg.c                 0x00000000   Number         0  stm32f10x_wwdg.o ABSOLUTE
    MATH\filter.c                            0x00000000   Number         0  filter.o ABSOLUTE
    MATH\imu.c                               0x00000000   Number         0  imu.o ABSOLUTE
    MATH\kalman.c                            0x00000000   Number         0  kalman.o ABSOLUTE
    MATH\myMath.c                            0x00000000   Number         0  mymath.o ABSOLUTE
    MATH\pid.c                               0x00000000   Number         0  pid.o ABSOLUTE
    StartUp\\core_cm3.c                      0x00000000   Number         0  core_cm3.o ABSOLUTE
    StartUp\core_cm3.c                       0x00000000   Number         0  core_cm3.o ABSOLUTE
    StartUp\startup_stm32f10x_md.s           0x00000000   Number         0  startup_stm32f10x_md.o ABSOLUTE
    StartUp\stm32f10x_it.c                   0x00000000   Number         0  stm32f10x_it.o ABSOLUTE
    StartUp\system_stm32f10x.c               0x00000000   Number         0  system_stm32f10x.o ABSOLUTE
    USER\INIT.c                              0x00000000   Number         0  init.o ABSOLUTE
    USER\delay.c                             0x00000000   Number         0  delay.o ABSOLUTE
    USER\main.c                              0x00000000   Number         0  main.o ABSOLUTE
    USER\scheduler.c                         0x00000000   Number         0  scheduler.o ABSOLUTE
    USER\sys.c                               0x00000000   Number         0  sys.o ABSOLUTE
    cdcmple.s                                0x00000000   Number         0  cdcmple.o ABSOLUTE
    cdrcmple.s                               0x00000000   Number         0  cdrcmple.o ABSOLUTE
    cfcmple.s                                0x00000000   Number         0  cfcmple.o ABSOLUTE
    cfrcmple.s                               0x00000000   Number         0  cfrcmple.o ABSOLUTE
    dc.s                                     0x00000000   Number         0  dc.o ABSOLUTE
    handlers.s                               0x00000000   Number         0  handlers.o ABSOLUTE
    init.s                                   0x00000000   Number         0  init.o ABSOLUTE
    RESET                                    0x08000000   Section      236  startup_stm32f10x_md.o(RESET)
    .ARM.Collect$$$$00000000                 0x080000ec   Section        0  entry.o(.ARM.Collect$$$$00000000)
    .ARM.Collect$$$$00000001                 0x080000ec   Section        4  entry2.o(.ARM.Collect$$$$00000001)
    .ARM.Collect$$$$00000004                 0x080000f0   Section        4  entry5.o(.ARM.Collect$$$$00000004)
    .ARM.Collect$$$$00000008                 0x080000f4   Section        0  entry7b.o(.ARM.Collect$$$$00000008)
    .ARM.Collect$$$$0000000A                 0x080000f4   Section        0  entry8b.o(.ARM.Collect$$$$0000000A)
    .ARM.Collect$$$$0000000B                 0x080000f4   Section        8  entry9a.o(.ARM.Collect$$$$0000000B)
    .ARM.Collect$$$$0000000D                 0x080000fc   Section        0  entry10a.o(.ARM.Collect$$$$0000000D)
    .ARM.Collect$$$$0000000F                 0x080000fc   Section        0  entry11a.o(.ARM.Collect$$$$0000000F)
    .ARM.Collect$$$$00002712                 0x080000fc   Section        4  entry2.o(.ARM.Collect$$$$00002712)
    __lit__00000000                          0x080000fc   Data           4  entry2.o(.ARM.Collect$$$$00002712)
    .text                                    0x08000100   Section       36  startup_stm32f10x_md.o(.text)
    .text                                    0x08000124   Section        0  memcpya.o(.text)
    .text                                    0x08000148   Section        0  memseta.o(.text)
    .text                                    0x0800016c   Section        0  fadd.o(.text)
    .text                                    0x0800021c   Section        0  fmul.o(.text)
    .text                                    0x08000280   Section        0  fdiv.o(.text)
    .text                                    0x080002fc   Section        0  dadd.o(.text)
    .text                                    0x0800044a   Section        0  dmul.o(.text)
    .text                                    0x0800052e   Section        0  ddiv.o(.text)
    .text                                    0x0800060c   Section        0  fflti.o(.text)
    .text                                    0x0800061e   Section        0  ffltui.o(.text)
    .text                                    0x08000628   Section        0  ffixi.o(.text)
    .text                                    0x0800065a   Section        0  f2d.o(.text)
    .text                                    0x08000680   Section        0  d2f.o(.text)
    .text                                    0x080006b8   Section       20  cfcmple.o(.text)
    .text                                    0x080006cc   Section       20  cfrcmple.o(.text)
    .text                                    0x080006e0   Section        0  llshl.o(.text)
    .text                                    0x080006fe   Section        0  llsshr.o(.text)
    .text                                    0x08000722   Section        0  fepilogue.o(.text)
    .text                                    0x08000722   Section        0  iusefp.o(.text)
    .text                                    0x08000790   Section        0  depilogue.o(.text)
    .text                                    0x0800084a   Section        0  dscalb.o(.text)
    .text                                    0x08000878   Section        0  dflti.o(.text)
    .text                                    0x0800089c   Section       48  cdrcmple.o(.text)
    .text                                    0x080008cc   Section       36  init.o(.text)
    .text                                    0x080008f0   Section        0  llushr.o(.text)
    .text                                    0x08000910   Section        0  dsqrt.o(.text)
    .text                                    0x080009b2   Section        0  __dczerorl2.o(.text)
    i.ADC_Cmd                                0x08000a08   Section        0  stm32f10x_adc.o(i.ADC_Cmd)
    i.ADC_GetConversionValue                 0x08000a1e   Section        0  stm32f10x_adc.o(i.ADC_GetConversionValue)
    i.ADC_GetFlagStatus                      0x08000a26   Section        0  stm32f10x_adc.o(i.ADC_GetFlagStatus)
    i.ADC_Init                               0x08000a38   Section        0  stm32f10x_adc.o(i.ADC_Init)
    i.ADC_RegularChannelConfig               0x08000a88   Section        0  stm32f10x_adc.o(i.ADC_RegularChannelConfig)
    i.ADC_SoftwareStartConvCmd               0x08000b40   Section        0  stm32f10x_adc.o(i.ADC_SoftwareStartConvCmd)
    i.ALL_Init                               0x08000b58   Section        0  init.o(i.ALL_Init)
    i.ANO_Recive                             0x08000b94   Section        0  ano_dt.o(i.ANO_Recive)
    i.ANTO_Send                              0x08000c38   Section        0  ano_dt.o(i.ANTO_Send)
    ANTO_Send                                0x08000c39   Thumb Code   796  ano_dt.o(i.ANTO_Send)
    i.ANTO_polling                           0x08000f90   Section        0  ano_dt.o(i.ANTO_polling)
    i.Aver_Filter_BAT                        0x08001200   Section        0  filter.o(i.Aver_Filter_BAT)
    i.BATT_GetVoltage                        0x08001284   Section        0  power.o(i.BATT_GetVoltage)
    i.BATT_Init                              0x080012d0   Section        0  power.o(i.BATT_Init)
    i.BusFault_Handler                       0x08001340   Section        0  stm32f10x_it.o(i.BusFault_Handler)
    i.Caculate_Altitude                      0x08001344   Section        0  spl06.o(i.Caculate_Altitude)
    i.CascadePID                             0x080013a4   Section        0  pid.o(i.CascadePID)
    i.DebugMon_Handler                       0x080013c2   Section        0  stm32f10x_it.o(i.DebugMon_Handler)
    i.FlightPidControl                       0x080013c4   Section        0  control.o(i.FlightPidControl)
    i.GPIO_Init                              0x08001504   Section        0  stm32f10x_gpio.o(i.GPIO_Init)
    i.GPIO_ResetBits                         0x0800161a   Section        0  stm32f10x_gpio.o(i.GPIO_ResetBits)
    i.GPIO_SetBits                           0x0800161e   Section        0  stm32f10x_gpio.o(i.GPIO_SetBits)
    i.GetAngle                               0x08001624   Section        0  imu.o(i.GetAngle)
    i.GetSysTime_us                          0x08001d70   Section        0  delay.o(i.GetSysTime_us)
    i.Get_Altitude                           0x08001db4   Section        0  spl06.o(i.Get_Altitude)
    i.Get_BatteryAdc                         0x08001ddc   Section        0  power.o(i.Get_BatteryAdc)
    i.HardFault_Handler                      0x08001e10   Section        0  stm32f10x_it.o(i.HardFault_Handler)
    i.I2C_ReadOneByte                        0x08001e14   Section        0  ioi2c.o(i.I2C_ReadOneByte)
    i.I2c_Ack                                0x08001e5c   Section        0  iic_software.o(i.I2c_Ack)
    I2c_Ack                                  0x08001e5d   Thumb Code   198  iic_software.o(i.I2c_Ack)
    i.I2c_NoAck                              0x08001f28   Section        0  iic_software.o(i.I2c_NoAck)
    I2c_NoAck                                0x08001f29   Thumb Code   200  iic_software.o(i.I2c_NoAck)
    i.I2c_ReadByte                           0x08001ff4   Section        0  iic_software.o(i.I2c_ReadByte)
    I2c_ReadByte                             0x08001ff5   Thumb Code   188  iic_software.o(i.I2c_ReadByte)
    i.I2c_SendByte                           0x080020b4   Section        0  iic_software.o(i.I2c_SendByte)
    I2c_SendByte                             0x080020b5   Thumb Code   186  iic_software.o(i.I2c_SendByte)
    i.I2c_Start                              0x08002174   Section        0  iic_software.o(i.I2c_Start)
    I2c_Start                                0x08002175   Thumb Code   144  iic_software.o(i.I2c_Start)
    i.I2c_Stop                               0x08002208   Section        0  iic_software.o(i.I2c_Stop)
    I2c_Stop                                 0x08002209   Thumb Code   152  iic_software.o(i.I2c_Stop)
    i.I2c_WaitAck                            0x080022a4   Section        0  iic_software.o(i.I2c_WaitAck)
    I2c_WaitAck                              0x080022a5   Thumb Code   176  iic_software.o(i.I2c_WaitAck)
    i.IIC_Ack                                0x08002358   Section        0  ioi2c.o(i.IIC_Ack)
    i.IIC_Init                               0x080023a4   Section        0  iic_software.o(i.IIC_Init)
    i.IIC_NAck                               0x080023d0   Section        0  ioi2c.o(i.IIC_NAck)
    i.IIC_Read_Byte                          0x0800241c   Section        0  ioi2c.o(i.IIC_Read_Byte)
    i.IIC_Read_One_Byte                      0x0800248c   Section        0  iic_software.o(i.IIC_Read_One_Byte)
    i.IIC_Send_Byte                          0x080024f0   Section        0  ioi2c.o(i.IIC_Send_Byte)
    i.IIC_Start                              0x08002554   Section        0  ioi2c.o(i.IIC_Start)
    i.IIC_Stop                               0x080025bc   Section        0  ioi2c.o(i.IIC_Stop)
    i.IIC_Wait_Ack                           0x08002604   Section        0  ioi2c.o(i.IIC_Wait_Ack)
    i.IIC_Write_One_Byte                     0x0800266c   Section        0  iic_software.o(i.IIC_Write_One_Byte)
    i.IIC_read_Bytes                         0x080026b0   Section        0  iic_software.o(i.IIC_read_Bytes)
    i.IICreadBytes                           0x08002730   Section        0  ioi2c.o(i.IICreadBytes)
    i.IICwriteByte                           0x08002794   Section        0  ioi2c.o(i.IICwriteByte)
    i.IICwriteBytes                          0x080027a8   Section        0  ioi2c.o(i.IICwriteBytes)
    i.Init_Altitude                          0x080027f0   Section        0  spl06.o(i.Init_Altitude)
    i.LED_Init                               0x080028b0   Section        0  led.o(i.LED_Init)
    i.LED_Run                                0x080028f0   Section        0  led.o(i.LED_Run)
    i.LOW_VOL_Alarm                          0x08002924   Section        0  power.o(i.LOW_VOL_Alarm)
    i.MemManage_Handler                      0x08002968   Section        0  stm32f10x_it.o(i.MemManage_Handler)
    i.MotorControl                           0x0800296c   Section        0  control.o(i.MotorControl)
    i.MpuGetData                             0x08002bfc   Section        0  mpu6050.o(i.MpuGetData)
    i.MpuGetOffset                           0x08002cf0   Section        0  mpu6050.o(i.MpuGetOffset)
    i.MpuInit                                0x08002e14   Section        0  mpu6050.o(i.MpuInit)
    i.NMI_Handler                            0x08002e90   Section        0  stm32f10x_it.o(i.NMI_Handler)
    i.NRF24L01_Check                         0x08002e94   Section        0  nrf24l01.o(i.NRF24L01_Check)
    i.NRF24L01_Configuration                 0x08002ee0   Section        0  nrf24l01.o(i.NRF24L01_Configuration)
    i.NRF24L01_Read_Buf                      0x08002f80   Section        0  nrf24l01.o(i.NRF24L01_Read_Buf)
    i.NRF24L01_Read_Reg                      0x08002fc4   Section        0  nrf24l01.o(i.NRF24L01_Read_Reg)
    i.NRF24L01_RxPacket                      0x08002ff0   Section        0  nrf24l01.o(i.NRF24L01_RxPacket)
    i.NRF24L01_Write_Buf                     0x08003024   Section        0  nrf24l01.o(i.NRF24L01_Write_Buf)
    i.NRF24L01_Write_Reg                     0x08003068   Section        0  nrf24l01.o(i.NRF24L01_Write_Reg)
    i.NRF24L01_init                          0x08003098   Section        0  nrf24l01.o(i.NRF24L01_init)
    i.NVIC_Init                              0x080030b0   Section        0  misc.o(i.NVIC_Init)
    i.NVIC_PriorityGroupConfig               0x08003120   Section        0  misc.o(i.NVIC_PriorityGroupConfig)
    i.PendSV_Handler                         0x08003134   Section        0  stm32f10x_it.o(i.PendSV_Handler)
    i.Q_rsqrt                                0x08003138   Section        0  mymath.o(i.Q_rsqrt)
    i.RCC_ADCCLKConfig                       0x08003188   Section        0  stm32f10x_rcc.o(i.RCC_ADCCLKConfig)
    i.RCC_APB1PeriphClockCmd                 0x080031a0   Section        0  stm32f10x_rcc.o(i.RCC_APB1PeriphClockCmd)
    i.RCC_APB2PeriphClockCmd                 0x080031c0   Section        0  stm32f10x_rcc.o(i.RCC_APB2PeriphClockCmd)
    i.RCC_GetClocksFreq                      0x080031e0   Section        0  stm32f10x_rcc.o(i.RCC_GetClocksFreq)
    i.RC_Analy                               0x080032b4   Section        0  remote.o(i.RC_Analy)
    i.RGB_LED_Off                            0x08003454   Section        0  led.o(i.RGB_LED_Off)
    i.RGB_LED_Red                            0x0800346e   Section        0  led.o(i.RGB_LED_Red)
    i.RGB_WByte                              0x08003488   Section        0  led.o(i.RGB_WByte)
    i.RX_Mode                                0x080034b0   Section        0  nrf24l01.o(i.RX_Mode)
    i.SPI_Cmd                                0x08003508   Section        0  stm32f10x_spi.o(i.SPI_Cmd)
    i.SPI_Config                             0x08003520   Section        0  spi.o(i.SPI_Config)
    i.SPI_I2S_GetFlagStatus                  0x080035b4   Section        0  stm32f10x_spi.o(i.SPI_I2S_GetFlagStatus)
    i.SPI_I2S_ReceiveData                    0x080035c6   Section        0  stm32f10x_spi.o(i.SPI_I2S_ReceiveData)
    i.SPI_I2S_SendData                       0x080035cc   Section        0  stm32f10x_spi.o(i.SPI_I2S_SendData)
    i.SPI_Init                               0x080035d0   Section        0  stm32f10x_spi.o(i.SPI_Init)
    i.SPI_RW                                 0x0800360c   Section        0  spi.o(i.SPI_RW)
    i.SVC_Handler                            0x08003644   Section        0  stm32f10x_it.o(i.SVC_Handler)
    i.SetSysClock                            0x08003646   Section        0  system_stm32f10x.o(i.SetSysClock)
    SetSysClock                              0x08003647   Thumb Code     8  system_stm32f10x.o(i.SetSysClock)
    i.SetSysClockTo72                        0x08003650   Section        0  system_stm32f10x.o(i.SetSysClockTo72)
    SetSysClockTo72                          0x08003651   Thumb Code   214  system_stm32f10x.o(i.SetSysClockTo72)
    i.SysTick_CLKSourceConfig                0x08003730   Section        0  misc.o(i.SysTick_CLKSourceConfig)
    i.SysTick_Handler                        0x08003758   Section        0  stm32f10x_it.o(i.SysTick_Handler)
    i.SystemInit                             0x08003768   Section        0  system_stm32f10x.o(i.SystemInit)
    i.TIM2_Config                            0x080037c8   Section        0  tim.o(i.TIM2_Config)
    i.TIM2_IRQHandler                        0x08003828   Section        0  scheduler.o(i.TIM2_IRQHandler)
    i.TIM3_PWM_Config                        0x080038e4   Section        0  tim.o(i.TIM3_PWM_Config)
    i.TIM_ClearITPendingBit                  0x080039fc   Section        0  stm32f10x_tim.o(i.TIM_ClearITPendingBit)
    i.TIM_Cmd                                0x08003a02   Section        0  stm32f10x_tim.o(i.TIM_Cmd)
    i.TIM_GetITStatus                        0x08003a1a   Section        0  stm32f10x_tim.o(i.TIM_GetITStatus)
    i.TIM_ITConfig                           0x08003a3c   Section        0  stm32f10x_tim.o(i.TIM_ITConfig)
    i.TIM_OC1Init                            0x08003a50   Section        0  stm32f10x_tim.o(i.TIM_OC1Init)
    i.TIM_OC1PreloadConfig                   0x08003ae8   Section        0  stm32f10x_tim.o(i.TIM_OC1PreloadConfig)
    i.TIM_OC2Init                            0x08003afc   Section        0  stm32f10x_tim.o(i.TIM_OC2Init)
    i.TIM_OC2PreloadConfig                   0x08003ba0   Section        0  stm32f10x_tim.o(i.TIM_OC2PreloadConfig)
    i.TIM_OC3Init                            0x08003bbc   Section        0  stm32f10x_tim.o(i.TIM_OC3Init)
    i.TIM_OC3PreloadConfig                   0x08003c5c   Section        0  stm32f10x_tim.o(i.TIM_OC3PreloadConfig)
    i.TIM_OC4Init                            0x08003c70   Section        0  stm32f10x_tim.o(i.TIM_OC4Init)
    i.TIM_OC4PreloadConfig                   0x08003cec   Section        0  stm32f10x_tim.o(i.TIM_OC4PreloadConfig)
    i.TIM_TimeBaseInit                       0x08003d08   Section        0  stm32f10x_tim.o(i.TIM_TimeBaseInit)
    i.USART1_IRQHandler                      0x08003dac   Section        0  ano_dt.o(i.USART1_IRQHandler)
    i.USART3_Config                          0x08003eb0   Section        0  usart.o(i.USART3_Config)
    i.USART3_IRQHandler                      0x08003f58   Section        0  ano_dt.o(i.USART3_IRQHandler)
    i.USART_CONFIG                           0x0800405c   Section        0  usart.o(i.USART_CONFIG)
    i.USART_Cmd                              0x08004068   Section        0  stm32f10x_usart.o(i.USART_Cmd)
    i.USART_ITConfig                         0x08004080   Section        0  stm32f10x_usart.o(i.USART_ITConfig)
    i.USART_Init                             0x080040cc   Section        0  stm32f10x_usart.o(i.USART_Init)
    i.USART_SendByte                         0x080041a4   Section        0  usart.o(i.USART_SendByte)
    i.USART_SendData                         0x080041d4   Section        0  stm32f10x_usart.o(i.USART_SendData)
    i.UsageFault_Handler                     0x080041dc   Section        0  stm32f10x_it.o(i.UsageFault_Handler)
    i.Waiting_Unolck_LED                     0x080041e0   Section        0  led.o(i.Waiting_Unolck_LED)
    i.Write0                                 0x08004204   Section        0  led.o(i.Write0)
    i.Write1                                 0x08004274   Section        0  led.o(i.Write1)
    i.Write24Bit                             0x080042ec   Section        0  led.o(i.Write24Bit)
    i.__ARM_fpclassify                       0x08004308   Section        0  fpclassify.o(i.__ARM_fpclassify)
    i.__kernel_poly                          0x08004330   Section        0  poly.o(i.__kernel_poly)
    i.__mathlib_dbl_divzero                  0x080043dc   Section        0  dunder.o(i.__mathlib_dbl_divzero)
    i.__mathlib_dbl_infnan                   0x080043ec   Section        0  dunder.o(i.__mathlib_dbl_infnan)
    i.__mathlib_dbl_infnan2                  0x080043f2   Section        0  dunder.o(i.__mathlib_dbl_infnan2)
    i.__mathlib_dbl_invalid                  0x080043f6   Section        0  dunder.o(i.__mathlib_dbl_invalid)
    i.__mathlib_dbl_overflow                 0x08004402   Section        0  dunder.o(i.__mathlib_dbl_overflow)
    i.__mathlib_dbl_underflow                0x08004410   Section        0  dunder.o(i.__mathlib_dbl_underflow)
    i.__scatterload_copy                     0x08004420   Section       14  handlers.o(i.__scatterload_copy)
    i.__scatterload_null                     0x0800442e   Section        2  handlers.o(i.__scatterload_null)
    i.__scatterload_zeroinit                 0x08004430   Section       14  handlers.o(i.__scatterload_zeroinit)
    i.__set_errno                            0x08004440   Section        0  errno.o(i.__set_errno)
    i.asin                                   0x0800444c   Section        0  asin.o(i.asin)
    i.atan                                   0x080046bc   Section        0  atan.o(i.atan)
    i.atan2                                  0x080048dc   Section        0  atan2.o(i.atan2)
    i.cycleCounterInit                       0x08004a5c   Section        0  delay.o(i.cycleCounterInit)
    i.delay_ms                               0x08004a80   Section        0  delay.o(i.delay_ms)
    i.delay_us                               0x08004aa2   Section        0  delay.o(i.delay_us)
    i.kalman_1                               0x08004abe   Section        0  kalman.o(i.kalman_1)
    i.main                                   0x08004b18   Section        0  main.o(i.main)
    i.pidRest                                0x08004b94   Section        0  pid.o(i.pidRest)
    i.pidUpdate                              0x08004bc0   Section        0  pid.o(i.pidUpdate)
    i.pid_param_Init                         0x08004c2c   Section        0  init.o(i.pid_param_Init)
    i.pow                                    0x08004c94   Section        0  pow.o(i.pow)
    i.remote_unlock                          0x0800564c   Section        0  remote.o(i.remote_unlock)
    i.spl06_config_pressure                  0x08005754   Section        0  spl06.o(i.spl06_config_pressure)
    i.spl06_config_temperature               0x080057f4   Section        0  spl06.o(i.spl06_config_temperature)
    i.spl06_get_pressure_adc                 0x08005898   Section        0  spl06.o(i.spl06_get_pressure_adc)
    i.spl06_get_temperature_adc              0x080058ce   Section        0  spl06.o(i.spl06_get_temperature_adc)
    i.spl06_init                             0x08005904   Section        0  spl06.o(i.spl06_init)
    i.spl06_read_buffer                      0x08005b60   Section        0  spl06.o(i.spl06_read_buffer)
    i.spl06_read_reg                         0x08005b76   Section        0  spl06.o(i.spl06_read_reg)
    i.spl06_start                            0x08005b88   Section        0  spl06.o(i.spl06_start)
    i.spl06_update                           0x08005b98   Section        0  spl06.o(i.spl06_update)
    i.spl06_write_reg                        0x08005cfc   Section        0  spl06.o(i.spl06_write_reg)
    i.sqrt                                   0x08005d10   Section        0  sqrt.o(i.sqrt)
    .constdata                               0x08005d5c   Section       10  nrf24l01.o(.constdata)
    .constdata                               0x08005d68   Section       24  mymath.o(.constdata)
    .constdata                               0x08005d80   Section       80  asin.o(.constdata)
    pS                                       0x08005d80   Data          48  asin.o(.constdata)
    qS                                       0x08005db0   Data          32  asin.o(.constdata)
    .constdata                               0x08005dd0   Section      136  pow.o(.constdata)
    bp                                       0x08005dd0   Data          16  pow.o(.constdata)
    dp_h                                     0x08005de0   Data          16  pow.o(.constdata)
    dp_l                                     0x08005df0   Data          16  pow.o(.constdata)
    L                                        0x08005e00   Data          48  pow.o(.constdata)
    P                                        0x08005e30   Data          40  pow.o(.constdata)
    .constdata                               0x08005e58   Section      152  atan.o(.constdata)
    atanhi                                   0x08005e58   Data          32  atan.o(.constdata)
    atanlo                                   0x08005e78   Data          32  atan.o(.constdata)
    aTodd                                    0x08005e98   Data          40  atan.o(.constdata)
    aTeven                                   0x08005ec0   Data          48  atan.o(.constdata)
    .constdata                               0x08005ef0   Section        8  qnan.o(.constdata)
    .data                                    0x20000000   Section       20  system_stm32f10x.o(.data)
    .data                                    0x20000014   Section        4  delay.o(.data)
    usTicks                                  0x20000014   Data           4  delay.o(.data)
    .data                                    0x20000018   Section        3  scheduler.o(.data)
    cnt_3ms                                  0x20000018   Data           1  scheduler.o(.data)
    cnt_6ms                                  0x20000019   Data           1  scheduler.o(.data)
    cnt_60ms                                 0x2000001a   Data           1  scheduler.o(.data)
    .data                                    0x2000001c   Section       12  init.o(.data)
    .data                                    0x20000028   Section       20  stm32f10x_rcc.o(.data)
    APBAHBPrescTable                         0x20000028   Data          16  stm32f10x_rcc.o(.data)
    ADCPrescTable                            0x20000038   Data           4  stm32f10x_rcc.o(.data)
    .data                                    0x2000003c   Section       56  spl06.o(.data)
    pa                                       0x20000060   Data           4  spl06.o(.data)
    hight                                    0x20000064   Data           4  spl06.o(.data)
    count                                    0x20000068   Data           4  spl06.o(.data)
    cnt_p                                    0x2000006c   Data           4  spl06.o(.data)
    PressNUM                                 0x20000070   Data           4  spl06.o(.data)
    .data                                    0x20000074   Section      453  led.o(.data)
    Run_buf                                  0x20000074   Data         448  led.o(.data)
    flag                                     0x20000235   Data           1  led.o(.data)
    cnt                                      0x20000236   Data           1  led.o(.data)
    wcnt                                     0x20000237   Data           1  led.o(.data)
    times                                    0x20000238   Data           1  led.o(.data)
    .data                                    0x2000023c   Section       76  mpu6050.o(.data)
    pMpu                                     0x2000023c   Data           4  mpu6050.o(.data)
    ekf                                      0x20000240   Data          72  mpu6050.o(.data)
    .data                                    0x20000288   Section        1  power.o(.data)
    flag                                     0x20000288   Data           1  power.o(.data)
    .data                                    0x20000289   Section       18  ano_dt.o(.data)
    ANTO_Recived_flag                        0x20000289   Data           1  ano_dt.o(.data)
    status                                   0x2000028a   Data           1  ano_dt.o(.data)
    count                                    0x2000028b   Data           1  ano_dt.o(.data)
    CheckSend                                0x2000028c   Data           7  ano_dt.o(.data)
    count                                    0x20000293   Data           1  ano_dt.o(.data)
    CheckSend                                0x20000294   Data           7  ano_dt.o(.data)
    .data                                    0x2000029c   Section        7  remote.o(.data)
    cnt                                      0x2000029c   Data           2  remote.o(.data)
    status                                   0x2000029e   Data           1  remote.o(.data)
    cnt                                      0x200002a0   Data           2  remote.o(.data)
    cnt                                      0x200002a2   Data           1  remote.o(.data)
    .data                                    0x200002a4   Section       42  control.o(.data)
    status                                   0x200002cc   Data           1  control.o(.data)
    status                                   0x200002cd   Data           1  control.o(.data)
    .data                                    0x200002ce   Section       22  filter.o(.data)
    cnt                                      0x200002d2   Data           1  filter.o(.data)
    flag                                     0x200002d3   Data           1  filter.o(.data)
    cnt                                      0x200002d4   Data           1  filter.o(.data)
    flag                                     0x200002d5   Data           1  filter.o(.data)
    cnt                                      0x200002d6   Data           1  filter.o(.data)
    flag                                     0x200002d7   Data           1  filter.o(.data)
    cnt                                      0x200002d8   Data           1  filter.o(.data)
    flag                                     0x200002d9   Data           1  filter.o(.data)
    cnt                                      0x200002da   Data           1  filter.o(.data)
    flag                                     0x200002db   Data           1  filter.o(.data)
    cnt                                      0x200002dc   Data           1  filter.o(.data)
    flag                                     0x200002dd   Data           1  filter.o(.data)
    cnt                                      0x200002de   Data           1  filter.o(.data)
    flag                                     0x200002df   Data           1  filter.o(.data)
    cnt                                      0x200002e0   Data           1  filter.o(.data)
    flag                                     0x200002e1   Data           1  filter.o(.data)
    cnt                                      0x200002e2   Data           1  filter.o(.data)
    flag                                     0x200002e3   Data           1  filter.o(.data)
    .data                                    0x200002e4   Section       28  imu.o(.data)
    NormAcc                                  0x200002e4   Data           4  imu.o(.data)
    KpDef                                    0x200002e8   Data           4  imu.o(.data)
    KiDef                                    0x200002ec   Data           4  imu.o(.data)
    NumQ                                     0x200002f0   Data          16  imu.o(.data)
    .data                                    0x20000300   Section        4  errno.o(.data)
    _errno                                   0x20000300   Data           4  errno.o(.data)
    .bss                                     0x20000304   Section      460  init.o(.bss)
    .bss                                     0x200004d0   Section       24  mpu6050.o(.bss)
    tBuff                                    0x200004dc   Data          12  mpu6050.o(.bss)
    .bss                                     0x200004e8   Section      104  ano_dt.o(.bss)
    RatePID                                  0x200004e8   Data          18  ano_dt.o(.bss)
    AnglePID                                 0x200004fa   Data          18  ano_dt.o(.bss)
    HighPID                                  0x2000050c   Data          18  ano_dt.o(.bss)
    ReciveBuffer                             0x2000051e   Data          25  ano_dt.o(.bss)
    ReciveBuffer                             0x20000537   Data          25  ano_dt.o(.bss)
    .bss                                     0x20000550   Section       32  remote.o(.bss)
    .bss                                     0x20000570   Section      924  filter.o(.bss)
    middle                                   0x20000630   Data          10  filter.o(.bss)
    buf                                      0x2000063c   Data          80  filter.o(.bss)
    buf                                      0x2000068c   Data          80  filter.o(.bss)
    buf                                      0x200006dc   Data          80  filter.o(.bss)
    buf                                      0x2000072c   Data          80  filter.o(.bss)
    buf                                      0x2000077c   Data          80  filter.o(.bss)
    buf                                      0x200007cc   Data          80  filter.o(.bss)
    buf                                      0x2000081c   Data          80  filter.o(.bss)
    buf                                      0x2000086c   Data          80  filter.o(.bss)
    buf                                      0x200008bc   Data          80  filter.o(.bss)
    .bss                                     0x2000090c   Section       12  imu.o(.bss)
    GyroIntegError                           0x2000090c   Data          12  imu.o(.bss)
    STACK                                    0x20000918   Section     1024  startup_stm32f10x_md.o(STACK)

    Global Symbols

    Symbol Name                              Value     Ov Type        Size  Object(Section)

    BuildAttributes$$THM_ISAv4$P$D$K$B$S$PE$A:L22UL41UL21$X:L11$S22US41US21$IEEE1$IW$USESV6$~STKCKD$USESV7$~SHL$OTIME$ROPI$IEEEX$EBA8$MICROLIB$REQ8$PRES8$EABIv2 0x00000000   Number         0  anon$$obj.o ABSOLUTE
    __ARM_use_no_argv                        0x00000000   Number         0  main.o ABSOLUTE
    __cpp_initialize__aeabi_                  - Undefined Weak Reference
    __cxa_finalize                            - Undefined Weak Reference
    _clock_init                               - Undefined Weak Reference
    _microlib_exit                            - Undefined Weak Reference
    __Vectors_Size                           0x000000ec   Number         0  startup_stm32f10x_md.o ABSOLUTE
    __Vectors                                0x08000000   Data           4  startup_stm32f10x_md.o(RESET)
    __Vectors_End                            0x080000ec   Data           0  startup_stm32f10x_md.o(RESET)
    __main                                   0x080000ed   Thumb Code     0  entry.o(.ARM.Collect$$$$00000000)
    _main_stk                                0x080000ed   Thumb Code     0  entry2.o(.ARM.Collect$$$$00000001)
    _main_scatterload                        0x080000f1   Thumb Code     0  entry5.o(.ARM.Collect$$$$00000004)
    __main_after_scatterload                 0x080000f5   Thumb Code     0  entry5.o(.ARM.Collect$$$$00000004)
    _main_clock                              0x080000f5   Thumb Code     0  entry7b.o(.ARM.Collect$$$$00000008)
    _main_cpp_init                           0x080000f5   Thumb Code     0  entry8b.o(.ARM.Collect$$$$0000000A)
    _main_init                               0x080000f5   Thumb Code     0  entry9a.o(.ARM.Collect$$$$0000000B)
    __rt_final_cpp                           0x080000fd   Thumb Code     0  entry10a.o(.ARM.Collect$$$$0000000D)
    __rt_final_exit                          0x080000fd   Thumb Code     0  entry11a.o(.ARM.Collect$$$$0000000F)
    Reset_Handler                            0x08000101   Thumb Code     8  startup_stm32f10x_md.o(.text)
    ADC1_2_IRQHandler                        0x0800011b   Thumb Code     0  startup_stm32f10x_md.o(.text)
    CAN1_RX1_IRQHandler                      0x0800011b   Thumb Code     0  startup_stm32f10x_md.o(.text)
    CAN1_SCE_IRQHandler                      0x0800011b   Thumb Code     0  startup_stm32f10x_md.o(.text)
    DMA1_Channel1_IRQHandler                 0x0800011b   Thumb Code     0  startup_stm32f10x_md.o(.text)
    DMA1_Channel2_IRQHandler                 0x0800011b   Thumb Code     0  startup_stm32f10x_md.o(.text)
    DMA1_Channel3_IRQHandler                 0x0800011b   Thumb Code     0  startup_stm32f10x_md.o(.text)
    DMA1_Channel4_IRQHandler                 0x0800011b   Thumb Code     0  startup_stm32f10x_md.o(.text)
    DMA1_Channel5_IRQHandler                 0x0800011b   Thumb Code     0  startup_stm32f10x_md.o(.text)
    DMA1_Channel6_IRQHandler                 0x0800011b   Thumb Code     0  startup_stm32f10x_md.o(.text)
    DMA1_Channel7_IRQHandler                 0x0800011b   Thumb Code     0  startup_stm32f10x_md.o(.text)
    EXTI0_IRQHandler                         0x0800011b   Thumb Code     0  startup_stm32f10x_md.o(.text)
    EXTI15_10_IRQHandler                     0x0800011b   Thumb Code     0  startup_stm32f10x_md.o(.text)
    EXTI1_IRQHandler                         0x0800011b   Thumb Code     0  startup_stm32f10x_md.o(.text)
    EXTI2_IRQHandler                         0x0800011b   Thumb Code     0  startup_stm32f10x_md.o(.text)
    EXTI3_IRQHandler                         0x0800011b   Thumb Code     0  startup_stm32f10x_md.o(.text)
    EXTI4_IRQHandler                         0x0800011b   Thumb Code     0  startup_stm32f10x_md.o(.text)
    EXTI9_5_IRQHandler                       0x0800011b   Thumb Code     0  startup_stm32f10x_md.o(.text)
    FLASH_IRQHandler                         0x0800011b   Thumb Code     0  startup_stm32f10x_md.o(.text)
    I2C1_ER_IRQHandler                       0x0800011b   Thumb Code     0  startup_stm32f10x_md.o(.text)
    I2C1_EV_IRQHandler                       0x0800011b   Thumb Code     0  startup_stm32f10x_md.o(.text)
    I2C2_ER_IRQHandler                       0x0800011b   Thumb Code     0  startup_stm32f10x_md.o(.text)
    I2C2_EV_IRQHandler                       0x0800011b   Thumb Code     0  startup_stm32f10x_md.o(.text)
    PVD_IRQHandler                           0x0800011b   Thumb Code     0  startup_stm32f10x_md.o(.text)
    RCC_IRQHandler                           0x0800011b   Thumb Code     0  startup_stm32f10x_md.o(.text)
    RTCAlarm_IRQHandler                      0x0800011b   Thumb Code     0  startup_stm32f10x_md.o(.text)
    RTC_IRQHandler                           0x0800011b   Thumb Code     0  startup_stm32f10x_md.o(.text)
    SPI1_IRQHandler                          0x0800011b   Thumb Code     0  startup_stm32f10x_md.o(.text)
    SPI2_IRQHandler                          0x0800011b   Thumb Code     0  startup_stm32f10x_md.o(.text)
    TAMPER_IRQHandler                        0x0800011b   Thumb Code     0  startup_stm32f10x_md.o(.text)
    TIM1_BRK_IRQHandler                      0x0800011b   Thumb Code     0  startup_stm32f10x_md.o(.text)
    TIM1_CC_IRQHandler                       0x0800011b   Thumb Code     0  startup_stm32f10x_md.o(.text)
    TIM1_TRG_COM_IRQHandler                  0x0800011b   Thumb Code     0  startup_stm32f10x_md.o(.text)
    TIM1_UP_IRQHandler                       0x0800011b   Thumb Code     0  startup_stm32f10x_md.o(.text)
    TIM3_IRQHandler                          0x0800011b   Thumb Code     0  startup_stm32f10x_md.o(.text)
    TIM4_IRQHandler                          0x0800011b   Thumb Code     0  startup_stm32f10x_md.o(.text)
    USART2_IRQHandler                        0x0800011b   Thumb Code     0  startup_stm32f10x_md.o(.text)
    USBWakeUp_IRQHandler                     0x0800011b   Thumb Code     0  startup_stm32f10x_md.o(.text)
    USB_HP_CAN1_TX_IRQHandler                0x0800011b   Thumb Code     0  startup_stm32f10x_md.o(.text)
    USB_LP_CAN1_RX0_IRQHandler               0x0800011b   Thumb Code     0  startup_stm32f10x_md.o(.text)
    WWDG_IRQHandler                          0x0800011b   Thumb Code     0  startup_stm32f10x_md.o(.text)
    __aeabi_memcpy                           0x08000125   Thumb Code    36  memcpya.o(.text)
    __aeabi_memcpy4                          0x08000125   Thumb Code     0  memcpya.o(.text)
    __aeabi_memcpy8                          0x08000125   Thumb Code     0  memcpya.o(.text)
    __aeabi_memset                           0x08000149   Thumb Code    14  memseta.o(.text)
    __aeabi_memset4                          0x08000149   Thumb Code     0  memseta.o(.text)
    __aeabi_memset8                          0x08000149   Thumb Code     0  memseta.o(.text)
    __aeabi_memclr                           0x08000157   Thumb Code     4  memseta.o(.text)
    __aeabi_memclr4                          0x08000157   Thumb Code     0  memseta.o(.text)
    __aeabi_memclr8                          0x08000157   Thumb Code     0  memseta.o(.text)
    _memset$wrapper                          0x0800015b   Thumb Code    18  memseta.o(.text)
    __aeabi_fadd                             0x0800016d   Thumb Code   164  fadd.o(.text)
    __aeabi_fsub                             0x08000211   Thumb Code     6  fadd.o(.text)
    __aeabi_frsub                            0x08000217   Thumb Code     6  fadd.o(.text)
    __aeabi_fmul                             0x0800021d   Thumb Code   100  fmul.o(.text)
    __aeabi_fdiv                             0x08000281   Thumb Code   124  fdiv.o(.text)
    __aeabi_dadd                             0x080002fd   Thumb Code   322  dadd.o(.text)
    __aeabi_dsub                             0x0800043f   Thumb Code     6  dadd.o(.text)
    __aeabi_drsub                            0x08000445   Thumb Code     6  dadd.o(.text)
    __aeabi_dmul                             0x0800044b   Thumb Code   228  dmul.o(.text)
    __aeabi_ddiv                             0x0800052f   Thumb Code   222  ddiv.o(.text)
    __aeabi_i2f                              0x0800060d   Thumb Code    18  fflti.o(.text)
    __aeabi_ui2f                             0x0800061f   Thumb Code    10  ffltui.o(.text)
    __aeabi_f2iz                             0x08000629   Thumb Code    50  ffixi.o(.text)
    __aeabi_f2d                              0x0800065b   Thumb Code    38  f2d.o(.text)
    __aeabi_d2f                              0x08000681   Thumb Code    56  d2f.o(.text)
    __aeabi_cfcmpeq                          0x080006b9   Thumb Code     0  cfcmple.o(.text)
    __aeabi_cfcmple                          0x080006b9   Thumb Code    20  cfcmple.o(.text)
    __aeabi_cfrcmple                         0x080006cd   Thumb Code    20  cfrcmple.o(.text)
    __aeabi_llsl                             0x080006e1   Thumb Code    30  llshl.o(.text)
    _ll_shift_l                              0x080006e1   Thumb Code     0  llshl.o(.text)
    __aeabi_lasr                             0x080006ff   Thumb Code    36  llsshr.o(.text)
    _ll_sshift_r                             0x080006ff   Thumb Code     0  llsshr.o(.text)
    __I$use$fp                               0x08000723   Thumb Code     0  iusefp.o(.text)
    _float_round                             0x08000723   Thumb Code    18  fepilogue.o(.text)
    _float_epilogue                          0x08000735   Thumb Code    92  fepilogue.o(.text)
    _double_round                            0x08000791   Thumb Code    30  depilogue.o(.text)
    _double_epilogue                         0x080007af   Thumb Code   156  depilogue.o(.text)
    __ARM_scalbn                             0x0800084b   Thumb Code    46  dscalb.o(.text)
    scalbn                                   0x0800084b   Thumb Code     0  dscalb.o(.text)
    __aeabi_i2d                              0x08000879   Thumb Code    34  dflti.o(.text)
    __aeabi_cdrcmple                         0x0800089d   Thumb Code    48  cdrcmple.o(.text)
    __scatterload                            0x080008cd   Thumb Code    28  init.o(.text)
    __scatterload_rt2                        0x080008cd   Thumb Code     0  init.o(.text)
    __aeabi_llsr                             0x080008f1   Thumb Code    32  llushr.o(.text)
    _ll_ushift_r                             0x080008f1   Thumb Code     0  llushr.o(.text)
    _dsqrt                                   0x08000911   Thumb Code   162  dsqrt.o(.text)
    __decompress                             0x080009b3   Thumb Code     0  __dczerorl2.o(.text)
    __decompress1                            0x080009b3   Thumb Code    86  __dczerorl2.o(.text)
    ADC_Cmd                                  0x08000a09   Thumb Code    22  stm32f10x_adc.o(i.ADC_Cmd)
    ADC_GetConversionValue                   0x08000a1f   Thumb Code     8  stm32f10x_adc.o(i.ADC_GetConversionValue)
    ADC_GetFlagStatus                        0x08000a27   Thumb Code    18  stm32f10x_adc.o(i.ADC_GetFlagStatus)
    ADC_Init                                 0x08000a39   Thumb Code    70  stm32f10x_adc.o(i.ADC_Init)
    ADC_RegularChannelConfig                 0x08000a89   Thumb Code   184  stm32f10x_adc.o(i.ADC_RegularChannelConfig)
    ADC_SoftwareStartConvCmd                 0x08000b41   Thumb Code    22  stm32f10x_adc.o(i.ADC_SoftwareStartConvCmd)
    ALL_Init                                 0x08000b59   Thumb Code    54  init.o(i.ALL_Init)
    ANO_Recive                               0x08000b95   Thumb Code   146  ano_dt.o(i.ANO_Recive)
    ANTO_polling                             0x08000f91   Thumb Code   568  ano_dt.o(i.ANTO_polling)
    Aver_Filter_BAT                          0x08001201   Thumb Code   120  filter.o(i.Aver_Filter_BAT)
    BATT_GetVoltage                          0x08001285   Thumb Code    68  power.o(i.BATT_GetVoltage)
    BATT_Init                                0x080012d1   Thumb Code   104  power.o(i.BATT_Init)
    BusFault_Handler                         0x08001341   Thumb Code     4  stm32f10x_it.o(i.BusFault_Handler)
    Caculate_Altitude                        0x08001345   Thumb Code    74  spl06.o(i.Caculate_Altitude)
    CascadePID                               0x080013a5   Thumb Code    30  pid.o(i.CascadePID)
    DebugMon_Handler                         0x080013c3   Thumb Code     2  stm32f10x_it.o(i.DebugMon_Handler)
    FlightPidControl                         0x080013c5   Thumb Code   272  control.o(i.FlightPidControl)
    GPIO_Init                                0x08001505   Thumb Code   278  stm32f10x_gpio.o(i.GPIO_Init)
    GPIO_ResetBits                           0x0800161b   Thumb Code     4  stm32f10x_gpio.o(i.GPIO_ResetBits)
    GPIO_SetBits                             0x0800161f   Thumb Code     4  stm32f10x_gpio.o(i.GPIO_SetBits)
    GetAngle                                 0x08001625   Thumb Code  1846  imu.o(i.GetAngle)
    GetSysTime_us                            0x08001d71   Thumb Code    58  delay.o(i.GetSysTime_us)
    Get_Altitude                             0x08001db5   Thumb Code    32  spl06.o(i.Get_Altitude)
    Get_BatteryAdc                           0x08001ddd   Thumb Code    46  power.o(i.Get_BatteryAdc)
    HardFault_Handler                        0x08001e11   Thumb Code     4  stm32f10x_it.o(i.HardFault_Handler)
    I2C_ReadOneByte                          0x08001e15   Thumb Code    70  ioi2c.o(i.I2C_ReadOneByte)
    IIC_Ack                                  0x08002359   Thumb Code    64  ioi2c.o(i.IIC_Ack)
    IIC_Init                                 0x080023a5   Thumb Code    38  iic_software.o(i.IIC_Init)
    IIC_NAck                                 0x080023d1   Thumb Code    62  ioi2c.o(i.IIC_NAck)
    IIC_Read_Byte                            0x0800241d   Thumb Code    98  ioi2c.o(i.IIC_Read_Byte)
    IIC_Read_One_Byte                        0x0800248d   Thumb Code   100  iic_software.o(i.IIC_Read_One_Byte)
    IIC_Send_Byte                            0x080024f1   Thumb Code    88  ioi2c.o(i.IIC_Send_Byte)
    IIC_Start                                0x08002555   Thumb Code    92  ioi2c.o(i.IIC_Start)
    IIC_Stop                                 0x080025bd   Thumb Code    60  ioi2c.o(i.IIC_Stop)
    IIC_Wait_Ack                             0x08002605   Thumb Code    92  ioi2c.o(i.IIC_Wait_Ack)
    IIC_Write_One_Byte                       0x0800266d   Thumb Code    68  iic_software.o(i.IIC_Write_One_Byte)
    IIC_read_Bytes                           0x080026b1   Thumb Code   128  iic_software.o(i.IIC_read_Bytes)
    IICreadBytes                             0x08002731   Thumb Code   100  ioi2c.o(i.IICreadBytes)
    IICwriteByte                             0x08002795   Thumb Code    20  ioi2c.o(i.IICwriteByte)
    IICwriteBytes                            0x080027a9   Thumb Code    70  ioi2c.o(i.IICwriteBytes)
    Init_Altitude                            0x080027f1   Thumb Code   170  spl06.o(i.Init_Altitude)
    LED_Init                                 0x080028b1   Thumb Code    60  led.o(i.LED_Init)
    LED_Run                                  0x080028f1   Thumb Code    42  led.o(i.LED_Run)
    LOW_VOL_Alarm                            0x08002925   Thumb Code    58  power.o(i.LOW_VOL_Alarm)
    MemManage_Handler                        0x08002969   Thumb Code     4  stm32f10x_it.o(i.MemManage_Handler)
    MotorControl                             0x0800296d   Thumb Code   618  control.o(i.MotorControl)
    MpuGetData                               0x08002bfd   Thumb Code   220  mpu6050.o(i.MpuGetData)
    MpuGetOffset                             0x08002cf1   Thumb Code   284  mpu6050.o(i.MpuGetOffset)
    MpuInit                                  0x08002e15   Thumb Code   124  mpu6050.o(i.MpuInit)
    NMI_Handler                              0x08002e91   Thumb Code     2  stm32f10x_it.o(i.NMI_Handler)
    NRF24L01_Check                           0x08002e95   Thumb Code    68  nrf24l01.o(i.NRF24L01_Check)
    NRF24L01_Configuration                   0x08002ee1   Thumb Code   150  nrf24l01.o(i.NRF24L01_Configuration)
    NRF24L01_Read_Buf                        0x08002f81   Thumb Code    62  nrf24l01.o(i.NRF24L01_Read_Buf)
    NRF24L01_Read_Reg                        0x08002fc5   Thumb Code    40  nrf24l01.o(i.NRF24L01_Read_Reg)
    NRF24L01_RxPacket                        0x08002ff1   Thumb Code    52  nrf24l01.o(i.NRF24L01_RxPacket)
    NRF24L01_Write_Buf                       0x08003025   Thumb Code    62  nrf24l01.o(i.NRF24L01_Write_Buf)
    NRF24L01_Write_Reg                       0x08003069   Thumb Code    42  nrf24l01.o(i.NRF24L01_Write_Reg)
    NRF24L01_init                            0x08003099   Thumb Code    22  nrf24l01.o(i.NRF24L01_init)
    NVIC_Init                                0x080030b1   Thumb Code   100  misc.o(i.NVIC_Init)
    NVIC_PriorityGroupConfig                 0x08003121   Thumb Code    10  misc.o(i.NVIC_PriorityGroupConfig)
    PendSV_Handler                           0x08003135   Thumb Code     2  stm32f10x_it.o(i.PendSV_Handler)
    Q_rsqrt                                  0x08003139   Thumb Code    74  mymath.o(i.Q_rsqrt)
    RCC_ADCCLKConfig                         0x08003189   Thumb Code    18  stm32f10x_rcc.o(i.RCC_ADCCLKConfig)
    RCC_APB1PeriphClockCmd                   0x080031a1   Thumb Code    26  stm32f10x_rcc.o(i.RCC_APB1PeriphClockCmd)
    RCC_APB2PeriphClockCmd                   0x080031c1   Thumb Code    26  stm32f10x_rcc.o(i.RCC_APB2PeriphClockCmd)
    RCC_GetClocksFreq                        0x080031e1   Thumb Code   192  stm32f10x_rcc.o(i.RCC_GetClocksFreq)
    RC_Analy                                 0x080032b5   Thumb Code   382  remote.o(i.RC_Analy)
    RGB_LED_Off                              0x08003455   Thumb Code    26  led.o(i.RGB_LED_Off)
    RGB_LED_Red                              0x0800346f   Thumb Code    26  led.o(i.RGB_LED_Red)
    RGB_WByte                                0x08003489   Thumb Code    40  led.o(i.RGB_WByte)
    RX_Mode                                  0x080034b1   Thumb Code    80  nrf24l01.o(i.RX_Mode)
    SPI_Cmd                                  0x08003509   Thumb Code    24  stm32f10x_spi.o(i.SPI_Cmd)
    SPI_Config                               0x08003521   Thumb Code   140  spi.o(i.SPI_Config)
    SPI_I2S_GetFlagStatus                    0x080035b5   Thumb Code    18  stm32f10x_spi.o(i.SPI_I2S_GetFlagStatus)
    SPI_I2S_ReceiveData                      0x080035c7   Thumb Code     6  stm32f10x_spi.o(i.SPI_I2S_ReceiveData)
    SPI_I2S_SendData                         0x080035cd   Thumb Code     4  stm32f10x_spi.o(i.SPI_I2S_SendData)
    SPI_Init                                 0x080035d1   Thumb Code    60  stm32f10x_spi.o(i.SPI_Init)
    SPI_RW                                   0x0800360d   Thumb Code    50  spi.o(i.SPI_RW)
    SVC_Handler                              0x08003645   Thumb Code     2  stm32f10x_it.o(i.SVC_Handler)
    SysTick_CLKSourceConfig                  0x08003731   Thumb Code    40  misc.o(i.SysTick_CLKSourceConfig)
    SysTick_Handler                          0x08003759   Thumb Code    12  stm32f10x_it.o(i.SysTick_Handler)
    SystemInit                               0x08003769   Thumb Code    78  system_stm32f10x.o(i.SystemInit)
    TIM2_Config                              0x080037c9   Thumb Code    96  tim.o(i.TIM2_Config)
    TIM2_IRQHandler                          0x08003829   Thumb Code   152  scheduler.o(i.TIM2_IRQHandler)
    TIM3_PWM_Config                          0x080038e5   Thumb Code   268  tim.o(i.TIM3_PWM_Config)
    TIM_ClearITPendingBit                    0x080039fd   Thumb Code     6  stm32f10x_tim.o(i.TIM_ClearITPendingBit)
    TIM_Cmd                                  0x08003a03   Thumb Code    24  stm32f10x_tim.o(i.TIM_Cmd)
    TIM_GetITStatus                          0x08003a1b   Thumb Code    34  stm32f10x_tim.o(i.TIM_GetITStatus)
    TIM_ITConfig                             0x08003a3d   Thumb Code    18  stm32f10x_tim.o(i.TIM_ITConfig)
    TIM_OC1Init                              0x08003a51   Thumb Code   132  stm32f10x_tim.o(i.TIM_OC1Init)
    TIM_OC1PreloadConfig                     0x08003ae9   Thumb Code    18  stm32f10x_tim.o(i.TIM_OC1PreloadConfig)
    TIM_OC2Init                              0x08003afd   Thumb Code   154  stm32f10x_tim.o(i.TIM_OC2Init)
    TIM_OC2PreloadConfig                     0x08003ba1   Thumb Code    26  stm32f10x_tim.o(i.TIM_OC2PreloadConfig)
    TIM_OC3Init                              0x08003bbd   Thumb Code   150  stm32f10x_tim.o(i.TIM_OC3Init)
    TIM_OC3PreloadConfig                     0x08003c5d   Thumb Code    18  stm32f10x_tim.o(i.TIM_OC3PreloadConfig)
    TIM_OC4Init                              0x08003c71   Thumb Code   114  stm32f10x_tim.o(i.TIM_OC4Init)
    TIM_OC4PreloadConfig                     0x08003ced   Thumb Code    26  stm32f10x_tim.o(i.TIM_OC4PreloadConfig)
    TIM_TimeBaseInit                         0x08003d09   Thumb Code   122  stm32f10x_tim.o(i.TIM_TimeBaseInit)
    USART1_IRQHandler                        0x08003dad   Thumb Code   244  ano_dt.o(i.USART1_IRQHandler)
    USART3_Config                            0x08003eb1   Thumb Code   158  usart.o(i.USART3_Config)
    USART3_IRQHandler                        0x08003f59   Thumb Code   244  ano_dt.o(i.USART3_IRQHandler)
    USART_CONFIG                             0x0800405d   Thumb Code    12  usart.o(i.USART_CONFIG)
    USART_Cmd                                0x08004069   Thumb Code    24  stm32f10x_usart.o(i.USART_Cmd)
    USART_ITConfig                           0x08004081   Thumb Code    74  stm32f10x_usart.o(i.USART_ITConfig)
    USART_Init                               0x080040cd   Thumb Code   210  stm32f10x_usart.o(i.USART_Init)
    USART_SendByte                           0x080041a5   Thumb Code    44  usart.o(i.USART_SendByte)
    USART_SendData                           0x080041d5   Thumb Code     8  stm32f10x_usart.o(i.USART_SendData)
    UsageFault_Handler                       0x080041dd   Thumb Code     4  stm32f10x_it.o(i.UsageFault_Handler)
    Waiting_Unolck_LED                       0x080041e1   Thumb Code    26  led.o(i.Waiting_Unolck_LED)
    Write0                                   0x08004205   Thumb Code   106  led.o(i.Write0)
    Write1                                   0x08004275   Thumb Code   114  led.o(i.Write1)
    Write24Bit                               0x080042ed   Thumb Code    28  led.o(i.Write24Bit)
    __ARM_fpclassify                         0x08004309   Thumb Code    40  fpclassify.o(i.__ARM_fpclassify)
    __kernel_poly                            0x08004331   Thumb Code   170  poly.o(i.__kernel_poly)
    __mathlib_dbl_divzero                    0x080043dd   Thumb Code    12  dunder.o(i.__mathlib_dbl_divzero)
    __mathlib_dbl_infnan                     0x080043ed   Thumb Code     6  dunder.o(i.__mathlib_dbl_infnan)
    __mathlib_dbl_infnan2                    0x080043f3   Thumb Code     4  dunder.o(i.__mathlib_dbl_infnan2)
    __mathlib_dbl_invalid                    0x080043f7   Thumb Code    12  dunder.o(i.__mathlib_dbl_invalid)
    __mathlib_dbl_overflow                   0x08004403   Thumb Code    14  dunder.o(i.__mathlib_dbl_overflow)
    __mathlib_dbl_underflow                  0x08004411   Thumb Code    10  dunder.o(i.__mathlib_dbl_underflow)
    __scatterload_copy                       0x08004421   Thumb Code    14  handlers.o(i.__scatterload_copy)
    __scatterload_null                       0x0800442f   Thumb Code     2  handlers.o(i.__scatterload_null)
    __scatterload_zeroinit                   0x08004431   Thumb Code    14  handlers.o(i.__scatterload_zeroinit)
    __set_errno                              0x08004441   Thumb Code     6  errno.o(i.__set_errno)
    asin                                     0x0800444d   Thumb Code   572  asin.o(i.asin)
    atan                                     0x080046bd   Thumb Code   474  atan.o(i.atan)
    atan2                                    0x080048dd   Thumb Code   346  atan2.o(i.atan2)
    cycleCounterInit                         0x08004a5d   Thumb Code    26  delay.o(i.cycleCounterInit)
    delay_ms                                 0x08004a81   Thumb Code    34  delay.o(i.delay_ms)
    delay_us                                 0x08004aa3   Thumb Code    28  delay.o(i.delay_us)
    kalman_1                                 0x08004abf   Thumb Code    88  kalman.o(i.kalman_1)
    main                                     0x08004b19   Thumb Code   112  main.o(i.main)
    pidRest                                  0x08004b95   Thumb Code    44  pid.o(i.pidRest)
    pidUpdate                                0x08004bc1   Thumb Code   106  pid.o(i.pidUpdate)
    pid_param_Init                           0x08004c2d   Thumb Code    64  init.o(i.pid_param_Init)
    pow                                      0x08004c95   Thumb Code  2478  pow.o(i.pow)
    remote_unlock                            0x0800564d   Thumb Code   244  remote.o(i.remote_unlock)
    spl06_config_pressure                    0x08005755   Thumb Code   126  spl06.o(i.spl06_config_pressure)
    spl06_config_temperature                 0x080057f5   Thumb Code   130  spl06.o(i.spl06_config_temperature)
    spl06_get_pressure_adc                   0x08005899   Thumb Code    54  spl06.o(i.spl06_get_pressure_adc)
    spl06_get_temperature_adc                0x080058cf   Thumb Code    54  spl06.o(i.spl06_get_temperature_adc)
    spl06_init                               0x08005905   Thumb Code   564  spl06.o(i.spl06_init)
    spl06_read_buffer                        0x08005b61   Thumb Code    22  spl06.o(i.spl06_read_buffer)
    spl06_read_reg                           0x08005b77   Thumb Code    18  spl06.o(i.spl06_read_reg)
    spl06_start                              0x08005b89   Thumb Code    14  spl06.o(i.spl06_start)
    spl06_update                             0x08005b99   Thumb Code   312  spl06.o(i.spl06_update)
    spl06_write_reg                          0x08005cfd   Thumb Code    20  spl06.o(i.spl06_write_reg)
    sqrt                                     0x08005d11   Thumb Code    76  sqrt.o(i.sqrt)
    TX_ADDRESS                               0x08005d5c   Data           5  nrf24l01.o(.constdata)
    RX_ADDRESS                               0x08005d61   Data           5  nrf24l01.o(.constdata)
    M_PI                                     0x08005d68   Data           4  mymath.o(.constdata)
    RtA                                      0x08005d6c   Data           4  mymath.o(.constdata)
    AtR                                      0x08005d70   Data           4  mymath.o(.constdata)
    Gyro_G                                   0x08005d74   Data           4  mymath.o(.constdata)
    Gyro_Gr                                  0x08005d78   Data           4  mymath.o(.constdata)
    PI_2                                     0x08005d7c   Data           4  mymath.o(.constdata)
    __mathlib_zero                           0x08005ef0   Data           8  qnan.o(.constdata)
    Region$$Table$$Base                      0x08005ef8   Number         0  anon$$obj.o(Region$$Table)
    Region$$Table$$Limit                     0x08005f18   Number         0  anon$$obj.o(Region$$Table)
    SystemCoreClock                          0x20000000   Data           4  system_stm32f10x.o(.data)
    AHBPrescTable                            0x20000004   Data          16  system_stm32f10x.o(.data)
    SysTick_count                            0x2000001c   Data           4  init.o(.data)
    AK8975                                   0x20000020   Data           6  init.o(.data)
    ALL_flag                                 0x20000026   Data           2  init.o(.data)
    Initial_Altitude                         0x2000003c   Data           4  spl06.o(.data)
    _kT                                      0x20000040   Data           4  spl06.o(.data)
    _kP                                      0x20000044   Data           4  spl06.o(.data)
    _C0                                      0x20000048   Data           2  spl06.o(.data)
    _C1                                      0x2000004a   Data           2  spl06.o(.data)
    _C01                                     0x2000004c   Data           2  spl06.o(.data)
    _C11                                     0x2000004e   Data           2  spl06.o(.data)
    _C20                                     0x20000050   Data           2  spl06.o(.data)
    _C21                                     0x20000052   Data           2  spl06.o(.data)
    _C30                                     0x20000054   Data           2  spl06.o(.data)
    _C00                                     0x20000058   Data           4  spl06.o(.data)
    _C10                                     0x2000005c   Data           4  spl06.o(.data)
    Run_flag                                 0x20000234   Data           1  led.o(.data)
    pPidObject                               0x200002a4   Data          32  control.o(.data)
    motor                                    0x200002c4   Data           8  control.o(.data)
    med_fil_cnt                              0x200002ce   Data           4  filter.o(.data)
    MPU6050                                  0x20000304   Data          12  init.o(.bss)
    Angle                                    0x20000310   Data          12  init.o(.bss)
    Remote                                   0x2000031c   Data          20  init.o(.bss)
    pidRateX                                 0x20000330   Data          52  init.o(.bss)
    pidRateY                                 0x20000364   Data          52  init.o(.bss)
    pidRateZ                                 0x20000398   Data          52  init.o(.bss)
    pidPitch                                 0x200003cc   Data          52  init.o(.bss)
    pidRoll                                  0x20000400   Data          52  init.o(.bss)
    pidYaw                                   0x20000434   Data          52  init.o(.bss)
    pidHeightRate                            0x20000468   Data          52  init.o(.bss)
    pidHeightHigh                            0x2000049c   Data          52  init.o(.bss)
    MpuOffset                                0x200004d0   Data          12  mpu6050.o(.bss)
    RC_rxData                                0x20000550   Data          32  remote.o(.bss)
    med_filter_tmp                           0x20000570   Data         176  filter.o(.bss)
    med_filter_out                           0x20000620   Data          16  filter.o(.bss)
    __initial_sp                             0x20000d18   Data           0  startup_stm32f10x_md.o(STACK)



==============================================================================

Memory Map of the image

  Image Entry point : 0x080000ed

  Load Region LR_IROM1 (Base: 0x08000000, Size: 0x0000621c, Max: 0x00010000, ABSOLUTE, COMPRESSED[0x00005fa4])

    Execution Region ER_IROM1 (Base: 0x08000000, Size: 0x00005f18, Max: 0x00010000, ABSOLUTE)

    Base Addr    Size         Type   Attr      Idx    E Section Name        Object

    0x08000000   0x000000ec   Data   RO          105    RESET               startup_stm32f10x_md.o
    0x080000ec   0x00000000   Code   RO         4624  * .ARM.Collect$$$$00000000  mc_w.l(entry.o)
    0x080000ec   0x00000004   Code   RO         4723    .ARM.Collect$$$$00000001  mc_w.l(entry2.o)
    0x080000f0   0x00000004   Code   RO         4726    .ARM.Collect$$$$00000004  mc_w.l(entry5.o)
    0x080000f4   0x00000000   Code   RO         4728    .ARM.Collect$$$$00000008  mc_w.l(entry7b.o)
    0x080000f4   0x00000000   Code   RO         4730    .ARM.Collect$$$$0000000A  mc_w.l(entry8b.o)
    0x080000f4   0x00000008   Code   RO         4731    .ARM.Collect$$$$0000000B  mc_w.l(entry9a.o)
    0x080000fc   0x00000000   Code   RO         4733    .ARM.Collect$$$$0000000D  mc_w.l(entry10a.o)
    0x080000fc   0x00000000   Code   RO         4735    .ARM.Collect$$$$0000000F  mc_w.l(entry11a.o)
    0x080000fc   0x00000004   Code   RO         4724    .ARM.Collect$$$$00002712  mc_w.l(entry2.o)
    0x08000100   0x00000024   Code   RO          106    .text               startup_stm32f10x_md.o
    0x08000124   0x00000024   Code   RO         4630    .text               mc_w.l(memcpya.o)
    0x08000148   0x00000024   Code   RO         4632    .text               mc_w.l(memseta.o)
    0x0800016c   0x000000b0   Code   RO         4636    .text               mf_w.l(fadd.o)
    0x0800021c   0x00000064   Code   RO         4638    .text               mf_w.l(fmul.o)
    0x08000280   0x0000007c   Code   RO         4640    .text               mf_w.l(fdiv.o)
    0x080002fc   0x0000014e   Code   RO         4642    .text               mf_w.l(dadd.o)
    0x0800044a   0x000000e4   Code   RO         4644    .text               mf_w.l(dmul.o)
    0x0800052e   0x000000de   Code   RO         4646    .text               mf_w.l(ddiv.o)
    0x0800060c   0x00000012   Code   RO         4648    .text               mf_w.l(fflti.o)
    0x0800061e   0x0000000a   Code   RO         4650    .text               mf_w.l(ffltui.o)
    0x08000628   0x00000032   Code   RO         4652    .text               mf_w.l(ffixi.o)
    0x0800065a   0x00000026   Code   RO         4654    .text               mf_w.l(f2d.o)
    0x08000680   0x00000038   Code   RO         4656    .text               mf_w.l(d2f.o)
    0x080006b8   0x00000014   Code   RO         4658    .text               mf_w.l(cfcmple.o)
    0x080006cc   0x00000014   Code   RO         4660    .text               mf_w.l(cfrcmple.o)
    0x080006e0   0x0000001e   Code   RO         4737    .text               mc_w.l(llshl.o)
    0x080006fe   0x00000024   Code   RO         4739    .text               mc_w.l(llsshr.o)
    0x08000722   0x00000000   Code   RO         4748    .text               mc_w.l(iusefp.o)
    0x08000722   0x0000006e   Code   RO         4749    .text               mf_w.l(fepilogue.o)
    0x08000790   0x000000ba   Code   RO         4753    .text               mf_w.l(depilogue.o)
    0x0800084a   0x0000002e   Code   RO         4755    .text               mf_w.l(dscalb.o)
    0x08000878   0x00000022   Code   RO         4757    .text               mf_w.l(dflti.o)
    0x0800089a   0x00000002   PAD
    0x0800089c   0x00000030   Code   RO         4759    .text               mf_w.l(cdrcmple.o)
    0x080008cc   0x00000024   Code   RO         4761    .text               mc_w.l(init.o)
    0x080008f0   0x00000020   Code   RO         4763    .text               mc_w.l(llushr.o)
    0x08000910   0x000000a2   Code   RO         4767    .text               mf_w.l(dsqrt.o)
    0x080009b2   0x00000056   Code   RO         4779    .text               mc_w.l(__dczerorl2.o)
    0x08000a08   0x00000016   Code   RO          416    i.ADC_Cmd           stm32f10x_adc.o
    0x08000a1e   0x00000008   Code   RO          425    i.ADC_GetConversionValue  stm32f10x_adc.o
    0x08000a26   0x00000012   Code   RO          427    i.ADC_GetFlagStatus  stm32f10x_adc.o
    0x08000a38   0x00000050   Code   RO          434    i.ADC_Init          stm32f10x_adc.o
    0x08000a88   0x000000b8   Code   RO          438    i.ADC_RegularChannelConfig  stm32f10x_adc.o
    0x08000b40   0x00000016   Code   RO          441    i.ADC_SoftwareStartConvCmd  stm32f10x_adc.o
    0x08000b56   0x00000002   PAD
    0x08000b58   0x0000003c   Code   RO          349    i.ALL_Init          init.o
    0x08000b94   0x000000a4   Code   RO         4143    i.ANO_Recive        ano_dt.o
    0x08000c38   0x00000358   Code   RO         4144    i.ANTO_Send         ano_dt.o
    0x08000f90   0x00000270   Code   RO         4145    i.ANTO_polling      ano_dt.o
    0x08001200   0x00000084   Code   RO         4249    i.Aver_Filter_BAT   filter.o
    0x08001284   0x0000004c   Code   RO         4112    i.BATT_GetVoltage   power.o
    0x080012d0   0x00000070   Code   RO         4113    i.BATT_Init         power.o
    0x08001340   0x00000004   Code   RO          110    i.BusFault_Handler  stm32f10x_it.o
    0x08001344   0x00000060   Code   RO         3575    i.Caculate_Altitude  spl06.o
    0x080013a4   0x0000001e   Code   RO         4561    i.CascadePID        pid.o
    0x080013c2   0x00000002   Code   RO          111    i.DebugMon_Handler  stm32f10x_it.o
    0x080013c4   0x00000140   Code   RO         4223    i.FlightPidControl  control.o
    0x08001504   0x00000116   Code   RO         1543    i.GPIO_Init         stm32f10x_gpio.o
    0x0800161a   0x00000004   Code   RO         1550    i.GPIO_ResetBits    stm32f10x_gpio.o
    0x0800161e   0x00000004   Code   RO         1551    i.GPIO_SetBits      stm32f10x_gpio.o
    0x08001622   0x00000002   PAD
    0x08001624   0x0000074c   Code   RO         4442    i.GetAngle          imu.o
    0x08001d70   0x00000044   Code   RO          294    i.GetSysTime_us     delay.o
    0x08001db4   0x00000028   Code   RO         3577    i.Get_Altitude      spl06.o
    0x08001ddc   0x00000034   Code   RO         4114    i.Get_BatteryAdc    power.o
    0x08001e10   0x00000004   Code   RO          112    i.HardFault_Handler  stm32f10x_it.o
    0x08001e14   0x00000046   Code   RO         3678    i.I2C_ReadOneByte   ioi2c.o
    0x08001e5a   0x00000002   PAD
    0x08001e5c   0x000000cc   Code   RO         3368    i.I2c_Ack           iic_software.o
    0x08001f28   0x000000cc   Code   RO         3369    i.I2c_NoAck         iic_software.o
    0x08001ff4   0x000000c0   Code   RO         3370    i.I2c_ReadByte      iic_software.o
    0x080020b4   0x000000c0   Code   RO         3371    i.I2c_SendByte      iic_software.o
    0x08002174   0x00000094   Code   RO         3372    i.I2c_Start         iic_software.o
    0x08002208   0x0000009c   Code   RO         3373    i.I2c_Stop          iic_software.o
    0x080022a4   0x000000b4   Code   RO         3374    i.I2c_WaitAck       iic_software.o
    0x08002358   0x0000004c   Code   RO         3679    i.IIC_Ack           ioi2c.o
    0x080023a4   0x0000002c   Code   RO         3375    i.IIC_Init          iic_software.o
    0x080023d0   0x0000004c   Code   RO         3680    i.IIC_NAck          ioi2c.o
    0x0800241c   0x00000070   Code   RO         3681    i.IIC_Read_Byte     ioi2c.o
    0x0800248c   0x00000064   Code   RO         3376    i.IIC_Read_One_Byte  iic_software.o
    0x080024f0   0x00000064   Code   RO         3682    i.IIC_Send_Byte     ioi2c.o
    0x08002554   0x00000068   Code   RO         3683    i.IIC_Start         ioi2c.o
    0x080025bc   0x00000048   Code   RO         3684    i.IIC_Stop          ioi2c.o
    0x08002604   0x00000068   Code   RO         3685    i.IIC_Wait_Ack      ioi2c.o
    0x0800266c   0x00000044   Code   RO         3378    i.IIC_Write_One_Byte  iic_software.o
    0x080026b0   0x00000080   Code   RO         3379    i.IIC_read_Bytes    iic_software.o
    0x08002730   0x00000064   Code   RO         3687    i.IICreadBytes      ioi2c.o
    0x08002794   0x00000014   Code   RO         3690    i.IICwriteByte      ioi2c.o
    0x080027a8   0x00000046   Code   RO         3691    i.IICwriteBytes     ioi2c.o
    0x080027ee   0x00000002   PAD
    0x080027f0   0x000000c0   Code   RO         3578    i.Init_Altitude     spl06.o
    0x080028b0   0x00000040   Code   RO         3786    i.LED_Init          led.o
    0x080028f0   0x00000034   Code   RO         3787    i.LED_Run           led.o
    0x08002924   0x00000044   Code   RO         4115    i.LOW_VOL_Alarm     power.o
    0x08002968   0x00000004   Code   RO          113    i.MemManage_Handler  stm32f10x_it.o
    0x0800296c   0x00000290   Code   RO         4224    i.MotorControl      control.o
    0x08002bfc   0x000000f4   Code   RO         4011    i.MpuGetData        mpu6050.o
    0x08002cf0   0x00000124   Code   RO         4012    i.MpuGetOffset      mpu6050.o
    0x08002e14   0x0000007c   Code   RO         4013    i.MpuInit           mpu6050.o
    0x08002e90   0x00000002   Code   RO          114    i.NMI_Handler       stm32f10x_it.o
    0x08002e92   0x00000002   PAD
    0x08002e94   0x0000004c   Code   RO         3927    i.NRF24L01_Check    nrf24l01.o
    0x08002ee0   0x000000a0   Code   RO         3928    i.NRF24L01_Configuration  nrf24l01.o
    0x08002f80   0x00000044   Code   RO         3929    i.NRF24L01_Read_Buf  nrf24l01.o
    0x08002fc4   0x0000002c   Code   RO         3930    i.NRF24L01_Read_Reg  nrf24l01.o
    0x08002ff0   0x00000034   Code   RO         3931    i.NRF24L01_RxPacket  nrf24l01.o
    0x08003024   0x00000044   Code   RO         3933    i.NRF24L01_Write_Buf  nrf24l01.o
    0x08003068   0x00000030   Code   RO         3934    i.NRF24L01_Write_Reg  nrf24l01.o
    0x08003098   0x00000016   Code   RO         3935    i.NRF24L01_init     nrf24l01.o
    0x080030ae   0x00000002   PAD
    0x080030b0   0x00000070   Code   RO          374    i.NVIC_Init         misc.o
    0x08003120   0x00000014   Code   RO          375    i.NVIC_PriorityGroupConfig  misc.o
    0x08003134   0x00000002   Code   RO          115    i.PendSV_Handler    stm32f10x_it.o
    0x08003136   0x00000002   PAD
    0x08003138   0x00000050   Code   RO         4464    i.Q_rsqrt           mymath.o
    0x08003188   0x00000018   Code   RO         1963    i.RCC_ADCCLKConfig  stm32f10x_rcc.o
    0x080031a0   0x00000020   Code   RO         1965    i.RCC_APB1PeriphClockCmd  stm32f10x_rcc.o
    0x080031c0   0x00000020   Code   RO         1967    i.RCC_APB2PeriphClockCmd  stm32f10x_rcc.o
    0x080031e0   0x000000d4   Code   RO         1975    i.RCC_GetClocksFreq  stm32f10x_rcc.o
    0x080032b4   0x000001a0   Code   RO         4195    i.RC_Analy          remote.o
    0x08003454   0x0000001a   Code   RO         3791    i.RGB_LED_Off       led.o
    0x0800346e   0x0000001a   Code   RO         3794    i.RGB_LED_Red       led.o
    0x08003488   0x00000028   Code   RO         3800    i.RGB_WByte         led.o
    0x080034b0   0x00000058   Code   RO         3936    i.RX_Mode           nrf24l01.o
    0x08003508   0x00000018   Code   RO         2447    i.SPI_Cmd           stm32f10x_spi.o
    0x08003520   0x00000094   Code   RO         3554    i.SPI_Config        spi.o
    0x080035b4   0x00000012   Code   RO         2455    i.SPI_I2S_GetFlagStatus  stm32f10x_spi.o
    0x080035c6   0x00000006   Code   RO         2458    i.SPI_I2S_ReceiveData  stm32f10x_spi.o
    0x080035cc   0x00000004   Code   RO         2459    i.SPI_I2S_SendData  stm32f10x_spi.o
    0x080035d0   0x0000003c   Code   RO         2460    i.SPI_Init          stm32f10x_spi.o
    0x0800360c   0x00000038   Code   RO         3555    i.SPI_RW            spi.o
    0x08003644   0x00000002   Code   RO          116    i.SVC_Handler       stm32f10x_it.o
    0x08003646   0x00000008   Code   RO           17    i.SetSysClock       system_stm32f10x.o
    0x0800364e   0x00000002   PAD
    0x08003650   0x000000e0   Code   RO           18    i.SetSysClockTo72   system_stm32f10x.o
    0x08003730   0x00000028   Code   RO          378    i.SysTick_CLKSourceConfig  misc.o
    0x08003758   0x00000010   Code   RO          117    i.SysTick_Handler   stm32f10x_it.o
    0x08003768   0x00000060   Code   RO           20    i.SystemInit        system_stm32f10x.o
    0x080037c8   0x00000060   Code   RO         3509    i.TIM2_Config       tim.o
    0x08003828   0x000000bc   Code   RO          336    i.TIM2_IRQHandler   scheduler.o
    0x080038e4   0x00000118   Code   RO         3510    i.TIM3_PWM_Config   tim.o
    0x080039fc   0x00000006   Code   RO         2597    i.TIM_ClearITPendingBit  stm32f10x_tim.o
    0x08003a02   0x00000018   Code   RO         2602    i.TIM_Cmd           stm32f10x_tim.o
    0x08003a1a   0x00000022   Code   RO         2623    i.TIM_GetITStatus   stm32f10x_tim.o
    0x08003a3c   0x00000012   Code   RO         2627    i.TIM_ITConfig      stm32f10x_tim.o
    0x08003a4e   0x00000002   PAD
    0x08003a50   0x00000098   Code   RO         2631    i.TIM_OC1Init       stm32f10x_tim.o
    0x08003ae8   0x00000012   Code   RO         2634    i.TIM_OC1PreloadConfig  stm32f10x_tim.o
    0x08003afa   0x00000002   PAD
    0x08003afc   0x000000a4   Code   RO         2636    i.TIM_OC2Init       stm32f10x_tim.o
    0x08003ba0   0x0000001a   Code   RO         2639    i.TIM_OC2PreloadConfig  stm32f10x_tim.o
    0x08003bba   0x00000002   PAD
    0x08003bbc   0x000000a0   Code   RO         2641    i.TIM_OC3Init       stm32f10x_tim.o
    0x08003c5c   0x00000012   Code   RO         2644    i.TIM_OC3PreloadConfig  stm32f10x_tim.o
    0x08003c6e   0x00000002   PAD
    0x08003c70   0x0000007c   Code   RO         2646    i.TIM_OC4Init       stm32f10x_tim.o
    0x08003cec   0x0000001a   Code   RO         2648    i.TIM_OC4PreloadConfig  stm32f10x_tim.o
    0x08003d06   0x00000002   PAD
    0x08003d08   0x000000a4   Code   RO         2673    i.TIM_TimeBaseInit  stm32f10x_tim.o
    0x08003dac   0x00000104   Code   RO         4146    i.USART1_IRQHandler  ano_dt.o
    0x08003eb0   0x000000a8   Code   RO         3454    i.USART3_Config     usart.o
    0x08003f58   0x00000104   Code   RO         4147    i.USART3_IRQHandler  ano_dt.o
    0x0800405c   0x0000000c   Code   RO         3455    i.USART_CONFIG      usart.o
    0x08004068   0x00000018   Code   RO         3138    i.USART_Cmd         stm32f10x_usart.o
    0x08004080   0x0000004a   Code   RO         3144    i.USART_ITConfig    stm32f10x_usart.o
    0x080040ca   0x00000002   PAD
    0x080040cc   0x000000d8   Code   RO         3145    i.USART_Init        stm32f10x_usart.o
    0x080041a4   0x00000030   Code   RO         3456    i.USART_SendByte    usart.o
    0x080041d4   0x00000008   Code   RO         3155    i.USART_SendData    stm32f10x_usart.o
    0x080041dc   0x00000004   Code   RO          118    i.UsageFault_Handler  stm32f10x_it.o
    0x080041e0   0x00000024   Code   RO         3801    i.Waiting_Unolck_LED  led.o
    0x08004204   0x00000070   Code   RO         3802    i.Write0            led.o
    0x08004274   0x00000078   Code   RO         3803    i.Write1            led.o
    0x080042ec   0x0000001c   Code   RO         3804    i.Write24Bit        led.o
    0x08004308   0x00000028   Code   RO         4686    i.__ARM_fpclassify  m_ws.l(fpclassify.o)
    0x08004330   0x000000aa   Code   RO         4704    i.__kernel_poly     m_ws.l(poly.o)
    0x080043da   0x00000002   PAD
    0x080043dc   0x00000010   Code   RO         4672    i.__mathlib_dbl_divzero  m_ws.l(dunder.o)
    0x080043ec   0x00000006   Code   RO         4673    i.__mathlib_dbl_infnan  m_ws.l(dunder.o)
    0x080043f2   0x00000004   Code   RO         4674    i.__mathlib_dbl_infnan2  m_ws.l(dunder.o)
    0x080043f6   0x0000000c   Code   RO         4675    i.__mathlib_dbl_invalid  m_ws.l(dunder.o)
    0x08004402   0x0000000e   Code   RO         4676    i.__mathlib_dbl_overflow  m_ws.l(dunder.o)
    0x08004410   0x00000010   Code   RO         4678    i.__mathlib_dbl_underflow  m_ws.l(dunder.o)
    0x08004420   0x0000000e   Code   RO         4773    i.__scatterload_copy  mc_w.l(handlers.o)
    0x0800442e   0x00000002   Code   RO         4774    i.__scatterload_null  mc_w.l(handlers.o)
    0x08004430   0x0000000e   Code   RO         4775    i.__scatterload_zeroinit  mc_w.l(handlers.o)
    0x0800443e   0x00000002   PAD
    0x08004440   0x0000000c   Code   RO         4743    i.__set_errno       mc_w.l(errno.o)
    0x0800444c   0x00000270   Code   RO         4589    i.asin              m_ws.l(asin.o)
    0x080046bc   0x00000220   Code   RO         4663    i.atan              m_ws.l(atan.o)
    0x080048dc   0x00000180   Code   RO         4607    i.atan2             m_ws.l(atan2.o)
    0x08004a5c   0x00000024   Code   RO          295    i.cycleCounterInit  delay.o
    0x08004a80   0x00000022   Code   RO          296    i.delay_ms          delay.o
    0x08004aa2   0x0000001c   Code   RO          297    i.delay_us          delay.o
    0x08004abe   0x00000058   Code   RO         4374    i.kalman_1          kalman.o
    0x08004b16   0x00000002   PAD
    0x08004b18   0x0000007c   Code   RO          188    i.main              main.o
    0x08004b94   0x0000002c   Code   RO         4562    i.pidRest           pid.o
    0x08004bc0   0x0000006a   Code   RO         4563    i.pidUpdate         pid.o
    0x08004c2a   0x00000002   PAD
    0x08004c2c   0x00000068   Code   RO          350    i.pid_param_Init    init.o
    0x08004c94   0x000009b8   Code   RO         4615    i.pow               m_ws.l(pow.o)
    0x0800564c   0x00000108   Code   RO         4196    i.remote_unlock     remote.o
    0x08005754   0x000000a0   Code   RO         3579    i.spl06_config_pressure  spl06.o
    0x080057f4   0x000000a4   Code   RO         3580    i.spl06_config_temperature  spl06.o
    0x08005898   0x00000036   Code   RO         3581    i.spl06_get_pressure_adc  spl06.o
    0x080058ce   0x00000036   Code   RO         3582    i.spl06_get_temperature_adc  spl06.o
    0x08005904   0x0000025c   Code   RO         3583    i.spl06_init        spl06.o
    0x08005b60   0x00000016   Code   RO         3584    i.spl06_read_buffer  spl06.o
    0x08005b76   0x00000012   Code   RO         3585    i.spl06_read_reg    spl06.o
    0x08005b88   0x0000000e   Code   RO         3586    i.spl06_start       spl06.o
    0x08005b96   0x00000002   PAD
    0x08005b98   0x00000164   Code   RO         3587    i.spl06_update      spl06.o
    0x08005cfc   0x00000014   Code   RO         3588    i.spl06_write_reg   spl06.o
    0x08005d10   0x0000004c   Code   RO         4708    i.sqrt              m_ws.l(sqrt.o)
    0x08005d5c   0x0000000a   Data   RO         3938    .constdata          nrf24l01.o
    0x08005d66   0x00000002   PAD
    0x08005d68   0x00000018   Data   RO         4477    .constdata          mymath.o
    0x08005d80   0x00000050   Data   RO         4590    .constdata          m_ws.l(asin.o)
    0x08005dd0   0x00000088   Data   RO         4616    .constdata          m_ws.l(pow.o)
    0x08005e58   0x00000098   Data   RO         4664    .constdata          m_ws.l(atan.o)
    0x08005ef0   0x00000008   Data   RO         4706    .constdata          m_ws.l(qnan.o)
    0x08005ef8   0x00000020   Data   RO         4771    Region$$Table       anon$$obj.o


    Execution Region RW_IRAM1 (Base: 0x20000000, Size: 0x00000d18, Max: 0x00005000, ABSOLUTE, COMPRESSED[0x0000008c])

    Base Addr    Size         Type   Attr      Idx    E Section Name        Object

    0x20000000   0x00000014   Data   RW           21    .data               system_stm32f10x.o
    0x20000014   0x00000004   Data   RW          298    .data               delay.o
    0x20000018   0x00000003   Data   RW          337    .data               scheduler.o
    0x2000001b   0x00000001   PAD
    0x2000001c   0x0000000c   Data   RW          352    .data               init.o
    0x20000028   0x00000014   Data   RW         1995    .data               stm32f10x_rcc.o
    0x2000003c   0x00000038   Data   RW         3589    .data               spl06.o
    0x20000074   0x000001c5   Data   RW         3805    .data               led.o
    0x20000239   0x00000003   PAD
    0x2000023c   0x0000004c   Data   RW         4016    .data               mpu6050.o
    0x20000288   0x00000001   Data   RW         4116    .data               power.o
    0x20000289   0x00000012   Data   RW         4149    .data               ano_dt.o
    0x2000029b   0x00000001   PAD
    0x2000029c   0x00000007   Data   RW         4198    .data               remote.o
    0x200002a3   0x00000001   PAD
    0x200002a4   0x0000002a   Data   RW         4225    .data               control.o
    0x200002ce   0x00000016   Data   RW         4263    .data               filter.o
    0x200002e4   0x0000001c   Data   RW         4444    .data               imu.o
    0x20000300   0x00000004   Data   RW         4744    .data               mc_w.l(errno.o)
    0x20000304   0x000001cc   Zero   RW          351    .bss                init.o
    0x200004d0   0x00000018   Zero   RW         4015    .bss                mpu6050.o
    0x200004e8   0x00000068   Zero   RW         4148    .bss                ano_dt.o
    0x20000550   0x00000020   Zero   RW         4197    .bss                remote.o
    0x20000570   0x0000039c   Zero   RW         4262    .bss                filter.o
    0x2000090c   0x0000000c   Zero   RW         4443    .bss                imu.o
    0x20000918   0x00000400   Zero   RW          103    STACK               startup_stm32f10x_md.o


==============================================================================

Image component sizes


      Code (inc. data)   RO Data    RW Data    ZI Data      Debug   Object Name

      2164        188          0         18        104       5428   ano_dt.o
       976         86          0         42          0       2141   control.o
         0          0          0          0          0       4528   core_cm3.o
       166         20          0          4          0       2465   delay.o
       132         12          0         22        924       7984   filter.o
      1616         38          0          0          0       7669   iic_software.o
      1868         50          0         28         12       1659   imu.o
       164         46          0         12        460       3092   init.o
       904         88          0          0          0       6495   ioi2c.o
        88          0          0          0          0       1523   kalman.o
       504         36          0        453          0       5677   led.o
       124         12          0          0          0     228078   main.o
       172         22          0          0          0       1901   misc.o
       660         32          0         76         24       5450   mpu6050.o
        80          6         24          0          0        929   mymath.o
       626         48         10          0          0       6426   nrf24l01.o
       180          0          0          0          0       1923   pid.o
       308         32          0          1          0       2131   power.o
       680         54          0          7         32       2063   remote.o
       188         36          0          3          0        614   scheduler.o
       204         14          0          0          0       1078   spi.o
      1794        220          0         56          0       8634   spl06.o
        36          8        236          0       1024        784   startup_stm32f10x_md.o
       334         10          0          0          0       5504   stm32f10x_adc.o
       286          0          0          0          0       2868   stm32f10x_gpio.o
        40          4          0          0          0       5490   stm32f10x_it.o
       300         38          0         20          0       4757   stm32f10x_rcc.o
       112          0          0          0          0       3586   stm32f10x_spi.o
       934         92          0          0          0       8210   stm32f10x_tim.o
       322          6          0          0          0       4011   stm32f10x_usart.o
       328         28          0         20          0      52429   system_stm32f10x.o
       376         12          0          0          0       1228   tim.o
       228         14          0          0          0       2056   usart.o

    ----------------------------------------------------------------------
     16928       1252        304        768       2580     398811   Object Totals
         0          0         32          0          0          0   (incl. Generated)
        34          0          2          6          0          0   (incl. Padding)

    ----------------------------------------------------------------------

      Code (inc. data)   RO Data    RW Data    ZI Data      Debug   Library Member Name

       624         52         80          0          0        168   asin.o
       544         70        152          0          0        124   atan.o
       384         38          0          0          0        144   atan2.o
        68         10          0          0          0        408   dunder.o
        40          0          0          0          0         68   fpclassify.o
       170          0          0          0          0         96   poly.o
      2488        190        136          0          0        300   pow.o
         0          0          8          0          0          0   qnan.o
        76          0          0          0          0         84   sqrt.o
        86          0          0          0          0          0   __dczerorl2.o
         0          0          0          0          0          0   entry.o
         0          0          0          0          0          0   entry10a.o
         0          0          0          0          0          0   entry11a.o
         8          4          0          0          0          0   entry2.o
         4          0          0          0          0          0   entry5.o
         0          0          0          0          0          0   entry7b.o
         0          0          0          0          0          0   entry8b.o
         8          4          0          0          0          0   entry9a.o
        12          6          0          4          0         68   errno.o
        30          0          0          0          0          0   handlers.o
        36          8          0          0          0         68   init.o
         0          0          0          0          0          0   iusefp.o
        30          0          0          0          0         68   llshl.o
        36          0          0          0          0         68   llsshr.o
        32          0          0          0          0         68   llushr.o
        36          0          0          0          0         68   memcpya.o
        36          0          0          0          0        108   memseta.o
        48          0          0          0          0         68   cdrcmple.o
        20          0          0          0          0         68   cfcmple.o
        20          0          0          0          0         68   cfrcmple.o
        56          0          0          0          0         88   d2f.o
       334          0          0          0          0        148   dadd.o
       222          0          0          0          0        100   ddiv.o
       186          0          0          0          0        176   depilogue.o
        34          0          0          0          0         76   dflti.o
       228          0          0          0          0         96   dmul.o
        46          0          0          0          0         80   dscalb.o
       162          0          0          0          0        100   dsqrt.o
        38          0          0          0          0         68   f2d.o
       176          0          0          0          0        140   fadd.o
       124          0          0          0          0         88   fdiv.o
       110          0          0          0          0        168   fepilogue.o
        50          0          0          0          0         68   ffixi.o
        18          0          0          0          0         68   fflti.o
        10          0          0          0          0         68   ffltui.o
       100          0          0          0          0         76   fmul.o

    ----------------------------------------------------------------------
      6736        382        376          4          0       3720   Library Totals
         6          0          0          0          0          0   (incl. Padding)

    ----------------------------------------------------------------------

      Code (inc. data)   RO Data    RW Data    ZI Data      Debug   Library Name

      4394        360        376          0          0       1392   m_ws.l
       354         22          0          4          0        516   mc_w.l
      1982          0          0          0          0       1812   mf_w.l

    ----------------------------------------------------------------------
      6736        382        376          4          0       3720   Library Totals

    ----------------------------------------------------------------------

==============================================================================


      Code (inc. data)   RO Data    RW Data    ZI Data      Debug   

     23664       1634        680        772       2580     393715   Grand Totals
     23664       1634        680        140       2580     393715   ELF Image Totals (compressed)
     23664       1634        680        140          0          0   ROM Totals

==============================================================================

    Total RO  Size (Code + RO Data)                24344 (  23.77kB)
    Total RW  Size (RW Data + ZI Data)              3352 (   3.27kB)
    Total ROM Size (Code + RO Data + RW Data)      24484 (  23.91kB)

==============================================================================

