<html>
<body>
<pre>
<h1>礦ision Build Log</h1>
<h2>Tool Versions:</h2>
IDE-Version: μVision V5.14.0.0
Copyright (C) 2015 ARM Ltd and ARM Germany GmbH. All rights reserved.
License Information: qwertyuiop 25482, wewewewe, LIC=47GU5-GWNPZ-016P1-CFBFM-JUCXJ-MV468
 
Tool Versions:
Toolchain:       MDK-ARM Standard  Version: 5.14.0.0
Toolchain Path:  D:\keil5\ARM\ARMCC\Bin
C Compiler:      Armcc.exe V5.05 update 1 (build 106)
Assembler:       Armasm.exe V5.05 update 1 (build 106)
Linker/Locator:  ArmLink.exe V5.05 update 1 (build 106)
Library Manager: ArmAr.exe V5.05 update 1 (build 106)
Hex Converter:   FromElf.exe V5.05 update 1 (build 106)
CPU DLL:         SARMCM3.DLL V5.14.0.0
Dialog DLL:      DARMSTM.DLL V1.65.0.0
Target DLL:      STLink\ST-LINKIII-KEIL_SWO.dll V2.0.14.0_KEIL
Dialog DLL:      TARMSTM.DLL V1.64.0.0
 
<h2>Project:</h2>
C:\Users\25482\Desktop\第十一届校电赛资料\test\V2.0\Lan.uvprojx
Project File Date:  12/14/2021

<h2>Output:</h2>
Build target 'Lan'
compiling core_cm3.c...
compiling system_stm32f10x.c...
assembling startup_stm32f10x_md.s...
compiling stm32f10x_it.c...
compiling main.c...
compiling delay.c...
compiling sys.c...
compiling scheduler.c...
compiling INIT.c...
compiling misc.c...
compiling stm32f10x_adc.c...
compiling stm32f10x_bkp.c...
compiling stm32f10x_can.c...
compiling stm32f10x_cec.c...
compiling stm32f10x_crc.c...
compiling stm32f10x_dac.c...
compiling stm32f10x_dbgmcu.c...
compiling stm32f10x_dma.c...
compiling stm32f10x_exti.c...
compiling stm32f10x_flash.c...
compiling stm32f10x_fsmc.c...
compiling stm32f10x_gpio.c...
compiling stm32f10x_i2c.c...
compiling stm32f10x_iwdg.c...
compiling stm32f10x_pwr.c...
compiling stm32f10x_rcc.c...
compiling stm32f10x_rtc.c...
compiling stm32f10x_sdio.c...
compiling stm32f10x_spi.c...
compiling stm32f10x_tim.c...
compiling stm32f10x_usart.c...
compiling stm32f10x_wwdg.c...
compiling IIC_SOFTWARE.c...
compiling USART.c...
compiling GPIO.c...
compiling TIM.c...
compiling ADC.c...
compiling Spi.c...
compiling SPL06.c...
compiling IOI2C.c...
compiling LED.c...
compiling nrf24l01.c...
compiling mpu6050.c...
compiling power.c...
compiling ANO_DT.c...
compiling remote.c...
compiling control.c...
compiling filter.c...
compiling kalman.c...
compiling imu.c...
compiling myMath.c...
compiling pid.c...
linking...
Program Size: Code=23664 RO-data=680 RW-data=772 ZI-data=2580  
FromELF: creating hex file...
".\Output\Lan.axf" - 0 Error(s), 0 Warning(s).

<h2>Collection of Component include folders:</h2>
  C:\Users\25482\Desktop\第十一届校电赛资料\test\V2.0\RTE
  D:\keil5\ARM\PACK\Keil\STM32F1xx_DFP\1.0.5\Device\Include

<h2>Collection of Component Files used:</h2>
</pre>
</body>
</html>
